Archive member included to satisfy reference by file (symbol)

C:/ProgramData/MATLAB/SupportPackages/R2024b/3P.instrset/gnuarm-armcortex.instrset/win/bin/../lib/gcc/arm-none-eabi/13.2.1/thumb/v7e-m+fp/hard\libm.a(libm_a-w_fmod.o)
                              BothOptimizedNew.o (fmod)
C:/ProgramData/MATLAB/SupportPackages/R2024b/3P.instrset/gnuarm-armcortex.instrset/win/bin/../lib/gcc/arm-none-eabi/13.2.1/thumb/v7e-m+fp/hard\libm.a(libm_a-s_ceil.o)
                              BothOptimizedNew.o (ceil)
C:/ProgramData/MATLAB/SupportPackages/R2024b/3P.instrset/gnuarm-armcortex.instrset/win/bin/../lib/gcc/arm-none-eabi/13.2.1/thumb/v7e-m+fp/hard\libm.a(libm_a-s_floor.o)
                              BothOptimizedNew.o (floor)
C:/ProgramData/MATLAB/SupportPackages/R2024b/3P.instrset/gnuarm-armcortex.instrset/win/bin/../lib/gcc/arm-none-eabi/13.2.1/thumb/v7e-m+fp/hard\libm.a(libm_a-e_fmod.o)
                              C:/ProgramData/MATLAB/SupportPackages/R2024b/3P.instrset/gnuarm-armcortex.instrset/win/bin/../lib/gcc/arm-none-eabi/13.2.1/thumb/v7e-m+fp/hard\libm.a(libm_a-w_fmod.o) (__ieee754_fmod)
C:/ProgramData/MATLAB/SupportPackages/R2024b/3P.instrset/gnuarm-armcortex.instrset/win/bin/../lib/gcc/arm-none-eabi/13.2.1/thumb/v7e-m+fp/hard\libgcc.a(_arm_muldf3.o)
                              BothOptimizedNew.o (__aeabi_dmul)
C:/ProgramData/MATLAB/SupportPackages/R2024b/3P.instrset/gnuarm-armcortex.instrset/win/bin/../lib/gcc/arm-none-eabi/13.2.1/thumb/v7e-m+fp/hard\libgcc.a(_arm_addsubdf3.o)
                              BothOptimizedNew.o (__aeabi_dsub)
C:/ProgramData/MATLAB/SupportPackages/R2024b/3P.instrset/gnuarm-armcortex.instrset/win/bin/../lib/gcc/arm-none-eabi/13.2.1/thumb/v7e-m+fp/hard\libgcc.a(_arm_muldivdf3.o)
                              BothOptimizedNew.o (__aeabi_ddiv)
C:/ProgramData/MATLAB/SupportPackages/R2024b/3P.instrset/gnuarm-armcortex.instrset/win/bin/../lib/gcc/arm-none-eabi/13.2.1/thumb/v7e-m+fp/hard\libgcc.a(_arm_cmpdf2.o)
                              BothOptimizedNew.o (__aeabi_dcmpeq)
C:/ProgramData/MATLAB/SupportPackages/R2024b/3P.instrset/gnuarm-armcortex.instrset/win/bin/../lib/gcc/arm-none-eabi/13.2.1/thumb/v7e-m+fp/hard\libgcc.a(_arm_unorddf2.o)
                              C:/ProgramData/MATLAB/SupportPackages/R2024b/3P.instrset/gnuarm-armcortex.instrset/win/bin/../lib/gcc/arm-none-eabi/13.2.1/thumb/v7e-m+fp/hard\libm.a(libm_a-w_fmod.o) (__aeabi_dcmpun)
C:/ProgramData/MATLAB/SupportPackages/R2024b/3P.instrset/gnuarm-armcortex.instrset/win/bin/../lib/gcc/arm-none-eabi/13.2.1/thumb/v7e-m+fp/hard\libgcc.a(_arm_fixdfsi.o)
                              BothOptimizedNew.o (__aeabi_d2iz)
C:/ProgramData/MATLAB/SupportPackages/R2024b/3P.instrset/gnuarm-armcortex.instrset/win/bin/../lib/gcc/arm-none-eabi/13.2.1/thumb/v7e-m+fp/hard\libgcc.a(_arm_fixunsdfsi.o)
                              BothOptimizedNew.o (__aeabi_d2uiz)
C:/ProgramData/MATLAB/SupportPackages/R2024b/3P.instrset/gnuarm-armcortex.instrset/win/bin/../lib/gcc/arm-none-eabi/13.2.1/thumb/v7e-m+fp/hard\libgcc.a(_arm_truncdfsf2.o)
                              BothOptimizedNew.o (__aeabi_d2f)
C:/ProgramData/MATLAB/SupportPackages/R2024b/3P.instrset/gnuarm-armcortex.instrset/win/bin/../lib/gcc/arm-none-eabi/13.2.1/thumb/v7e-m+fp/hard\libc_nano.a(libc_a-exit.o)
                              C:/ProgramData/MATLAB/SupportPackages/R2024b/3P.instrset/gnuarm-armcortex.instrset/win/bin/../lib/gcc/arm-none-eabi/13.2.1/thumb/v7e-m+fp/hard/crt0.o (exit)
C:/ProgramData/MATLAB/SupportPackages/R2024b/3P.instrset/gnuarm-armcortex.instrset/win/bin/../lib/gcc/arm-none-eabi/13.2.1/thumb/v7e-m+fp/hard\libc_nano.a(libc_a-findfp.o)
                              C:/ProgramData/MATLAB/SupportPackages/R2024b/3P.instrset/gnuarm-armcortex.instrset/win/bin/../lib/gcc/arm-none-eabi/13.2.1/thumb/v7e-m+fp/hard\libc_nano.a(libc_a-exit.o) (__stdio_exit_handler)
C:/ProgramData/MATLAB/SupportPackages/R2024b/3P.instrset/gnuarm-armcortex.instrset/win/bin/../lib/gcc/arm-none-eabi/13.2.1/thumb/v7e-m+fp/hard\libc_nano.a(libc_a-fwalk.o)
                              C:/ProgramData/MATLAB/SupportPackages/R2024b/3P.instrset/gnuarm-armcortex.instrset/win/bin/../lib/gcc/arm-none-eabi/13.2.1/thumb/v7e-m+fp/hard\libc_nano.a(libc_a-findfp.o) (_fwalk_sglue)
C:/ProgramData/MATLAB/SupportPackages/R2024b/3P.instrset/gnuarm-armcortex.instrset/win/bin/../lib/gcc/arm-none-eabi/13.2.1/thumb/v7e-m+fp/hard\libc_nano.a(libc_a-stdio.o)
                              C:/ProgramData/MATLAB/SupportPackages/R2024b/3P.instrset/gnuarm-armcortex.instrset/win/bin/../lib/gcc/arm-none-eabi/13.2.1/thumb/v7e-m+fp/hard\libc_nano.a(libc_a-findfp.o) (__sread)
C:/ProgramData/MATLAB/SupportPackages/R2024b/3P.instrset/gnuarm-armcortex.instrset/win/bin/../lib/gcc/arm-none-eabi/13.2.1/thumb/v7e-m+fp/hard\libc_nano.a(libc_a-memset.o)
[...]
Memory Configuration

Name             Origin             Length             Attributes
RAM              0x20000000         0x00018000         xrw
RAM2             0x10000000         0x00008000         xrw
FLASH            0x08000000         0x00080000         xr
*default*        0x00000000         0xffffffff

Linker script and memory map

LOAD C:/ProgramData/MATLAB/SupportPackages/R2024b/3P.instrset/gnuarm-armcortex.instrset/win/bin/../lib/gcc/arm-none-eabi/13.2.1/thumb/v7e-m+fp/hard/crti.o
LOAD C:/ProgramData/MATLAB/SupportPackages/R2024b/3P.instrset/gnuarm-armcortex.instrset/win/bin/../lib/gcc/arm-none-eabi/13.2.1/thumb/v7e-m+fp/hard/crtbegin.o
LOAD C:/ProgramData/MATLAB/SupportPackages/R2024b/3P.instrset/gnuarm-armcortex.instrset/win/bin/../lib/gcc/arm-none-eabi/13.2.1/thumb/v7e-m+fp/hard/crt0.o
LOAD stm_timer_ll.o
LOAD stm_adc_ll.o
LOAD BothOptimizedNew.o
LOAD BothOptimizedNew_data.o
LOAD ert_main.o
LOAD IMU.o
LOAD CustomWhile.o
LOAD Motors.o
LOAD overrideHALDelay.o
LOAD platform_timer.o
LOAD SysTickScheduler.o
LOAD m3m4m4f_multitasking.o
LOAD main.o
LOAD gpio.o
LOAD adc.o
LOAD dma.o
LOAD i2c.o
LOAD tim.o
LOAD usart.o
LOAD usb_device.o
LOAD usbd_conf.o
LOAD usbd_desc.o
LOAD usbd_cdc_if.o
LOAD stm32l4xx_it.o
LOAD stm32l4xx_hal_msp.o
LOAD stm32l4xx_hal_timebase_tim.o
LOAD stm32l4xx_ll_utils.o
LOAD stm32l4xx_ll_exti.o
LOAD stm32l4xx_ll_gpio.o
LOAD stm32l4xx_hal_pcd.o
LOAD stm32l4xx_hal_pcd_ex.o
LOAD stm32l4xx_ll_usb.o
LOAD stm32l4xx_hal.o
LOAD stm32l4xx_hal_rcc.o
LOAD stm32l4xx_hal_rcc_ex.o
LOAD stm32l4xx_hal_flash.o
LOAD stm32l4xx_hal_flash_ex.o
LOAD stm32l4xx_hal_flash_ramfunc.o
LOAD stm32l4xx_hal_gpio.o
LOAD stm32l4xx_hal_i2c.o
LOAD stm32l4xx_hal_i2c_ex.o
LOAD stm32l4xx_hal_dma.o
LOAD stm32l4xx_hal_dma_ex.o
LOAD stm32l4xx_hal_pwr.o
LOAD stm32l4xx_hal_pwr_ex.o
LOAD stm32l4xx_hal_cortex.o
LOAD stm32l4xx_hal_exti.o
LOAD stm32l4xx_ll_adc.o
LOAD stm32l4xx_ll_dma.o
LOAD stm32l4xx_hal_tim.o
LOAD stm32l4xx_hal_tim_ex.o
LOAD stm32l4xx_ll_tim.o
LOAD stm32l4xx_ll_usart.o
LOAD stm32l4xx_ll_rcc.o
LOAD usbd_core.o
LOAD usbd_ctlreq.o
LOAD usbd_ioreq.o
LOAD usbd_cdc.o
LOAD system_stm32l4xx.o
LOAD syscalls.o
LOAD sysmem.o
LOAD startup_stm32l476vetx.o
LOAD code_profiling_utility_functions.o
LOAD C:/ProgramData/MATLAB/SupportPackages/R2024b/3P.instrset/cmsis_dsp.instrset/Lib/GCC/arm_cortexm4ldfsp_math/libCMSISDSP.a
LOAD C:/ProgramData/MATLAB/SupportPackages/R2024b/3P.instrset/gnuarm-armcortex.instrset/win/bin/../lib/gcc/arm-none-eabi/13.2.1/thumb/v7e-m+fp/hard\libstdc++_nano.a
LOAD C:/ProgramData/MATLAB/SupportPackages/R2024b/3P.instrset/gnuarm-armcortex.instrset/win/bin/../lib/gcc/arm-none-eabi/13.2.1/thumb/v7e-m+fp/hard\libm.a
START GROUP
LOAD C:/ProgramData/MATLAB/SupportPackages/R2024b/3P.instrset/gnuarm-armcortex.instrset/win/bin/../lib/gcc/arm-none-eabi/13.2.1/thumb/v7e-m+fp/hard\libgcc.a
LOAD C:/ProgramData/MATLAB/SupportPackages/R2024b/3P.instrset/gnuarm-armcortex.instrset/win/bin/../lib/gcc/arm-none-eabi/13.2.1/thumb/v7e-m+fp/hard\libc_nano.a
END GROUP
START GROUP
LOAD C:/ProgramData/MATLAB/SupportPackages/R2024b/3P.instrset/gnuarm-armcortex.instrset/win/bin/../lib/gcc/arm-none-eabi/13.2.1/thumb/v7e-m+fp/hard\libgcc.a
LOAD C:/ProgramData/MATLAB/SupportPackages/R2024b/3P.instrset/gnuarm-armcortex.instrset/win/bin/../lib/gcc/arm-none-eabi/13.2.1/thumb/v7e-m+fp/hard\libc_nano.a
LOAD C:/ProgramData/MATLAB/SupportPackages/R2024b/3P.instrset/gnuarm-armcortex.instrset/win/bin/../lib/gcc/arm-none-eabi/13.2.1/thumb/v7e-m+fp/hard\libnosys.a
END GROUP
START GROUP
LOAD C:/ProgramData/MATLAB/SupportPackages/R2024b/3P.instrset/gnuarm-armcortex.instrset/win/bin/../lib/gcc/arm-none-eabi/13.2.1/thumb/v7e-m+fp/hard\libgcc.a
LOAD C:/ProgramData/MATLAB/SupportPackages/R2024b/3P.instrset/gnuarm-armcortex.instrset/win/bin/../lib/gcc/arm-none-eabi/13.2.1/thumb/v7e-m+fp/hard\libc_nano.a
LOAD C:/ProgramData/MATLAB/SupportPackages/R2024b/3P.instrset/gnuarm-armcortex.instrset/win/bin/../lib/gcc/arm-none-eabi/13.2.1/thumb/v7e-m+fp/hard\libnosys.a
END GROUP
LOAD C:/ProgramData/MATLAB/SupportPackages/R2024b/3P.instrset/gnuarm-armcortex.instrset/win/bin/../lib/gcc/arm-none-eabi/13.2.1/thumb/v7e-m+fp/hard/crtend.o
LOAD C:/ProgramData/MATLAB/SupportPackages/R2024b/3P.instrset/gnuarm-armcortex.instrset/win/bin/../lib/gcc/arm-none-eabi/13.2.1/thumb/v7e-m+fp/hard/crtn.o
                0x20018000                        _estack = (ORIGIN (RAM) + LENGTH (RAM))
                0x00000200                        _Min_Heap_Size = 0x200
                0x00000400                        _Min_Stack_Size = 0x400

.isr_vector     0x08000000      0x188
                0x08000000                        . = ALIGN (0x4)
 *(.isr_vector)
 .isr_vector    0x08000000      0x188 startup_stm32l476vetx.o
                0x08000000                g_pfnVectors
                0x08000188                        . = ALIGN (0x4)

.text           0x08000188    0x11b0c
                0x08000188                        . = ALIGN (0x4)
 *(.text)
 .text          0x08000188      0x378 C:/ProgramData/MATLAB/SupportPackages/R2024b/3P.instrset/gnuarm-armcortex.instrset/win/bin/../lib/gcc/arm-none-eabi/13.2.1/thumb/v7e-m+fp/hard\libgcc.a(_arm_addsubdf3.o)
                0x08000188                __aeabi_drsub
                0x08000190                __aeabi_dsub
                0x08000190                __subdf3
                0x08000194                __aeabi_dadd
                0x08000194                __adddf3
                0x0800040c                __floatunsidf
                0x0800040c                __aeabi_ui2d
                0x0800042c                __floatsidf
                0x0800042c                __aeabi_i2d
                0x08000450                __aeabi_f2d
                0x08000450                __extendsfdf2
                0x08000494                __floatundidf
                0x08000494                __aeabi_ul2d
                0x080004a4                __floatdidf
                0x080004a4                __aeabi_l2d
 .text          0x08000500      0x424 C:/ProgramData/MATLAB/SupportPackages/R2024b/3P.instrset/gnuarm-armcortex.instrset/win/bin/../lib/gcc/arm-none-eabi/13.2.1/thumb/v7e-m+fp/hard\libgcc.a(_arm_muldivdf3.o)
                0x08000500                __aeabi_dmul
                0x08000500                __muldf3
                0x08000754                __divdf3
                0x08000754                __aeabi_ddiv
 .text          0x08000924      0x110 C:/ProgramData/MATLAB/SupportPackages/R2024b/3P.instrset/gnuarm-armcortex.instrset/win/bin/../lib/gcc/arm-none-eabi/13.2.1/thumb/v7e-m+fp/hard\libgcc.a(_arm_cmpdf2.o)
                0x08000924                __gtdf2
                0x08000924                __gedf2
                0x0800092c                __ltdf2
                0x0800092c                __ledf2
                0x08000934                __nedf2
                0x08000934                __eqdf2
                0x08000934                __cmpdf2
                0x080009b0                __aeabi_cdrcmple
                0x080009c0                __aeabi_cdcmpeq
                0x080009c0                __aeabi_cdcmple
                0x080009d0                __aeabi_dcmpeq
                0x080009e4                __aeabi_dcmplt
                0x080009f8                __aeabi_dcmple
                0x08000a0c                __aeabi_dcmpge
                0x08000a20                __aeabi_dcmpgt
 .text          0x08000a34       0x2c C:/ProgramData/MATLAB/SupportPackages/R2024b/3P.instrset/gnuarm-armcortex.instrset/win/bin/../lib/gcc/arm-none-eabi/13.2.1/thumb/v7e-m+fp/hard\libgcc.a(_arm_unorddf2.o)
                0x08000a34                __unorddf2
                0x08000a34                __aeabi_dcmpun
 .text          0x08000a60       0x50 C:/ProgramData/MATLAB/SupportPackages/R2024b/3P.instrset/gnuarm-armcortex.instrset/win/bin/../lib/gcc/arm-none-eabi/13.2.1/thumb/v7e-m+fp/hard\libgcc.a(_arm_fixdfsi.o)
                0x08000a60                __aeabi_d2iz
                0x08000a60                __fixdfsi
 .text          0x08000ab0       0x40 C:/ProgramData/MATLAB/SupportPackages/R2024b/3P.instrset/gnuarm-armcortex.instrset/win/bin/../lib/gcc/arm-none-eabi/13.2.1/thumb/v7e-m+fp/hard\libgcc.a(_arm_fixunsdfsi.o)
                0x08000ab0                __aeabi_d2uiz
                0x08000ab0                __fixunsdfsi
 .text          0x08000af0       0xa0 C:/ProgramData/MATLAB/SupportPackages/R2024b/3P.instrset/gnuarm-armcortex.instrset/win/bin/../lib/gcc/arm-none-eabi/13.2.1/thumb/v7e-m+fp/hard\libgcc.a(_arm_truncdfsf2.o)
                0x08000af0                __truncdfsf2
                0x08000af0                __aeabi_d2f
 *(.text*)
 .text.deregister_tm_clones
                0x08000b90       0x1c C:/ProgramData/MATLAB/SupportPackages/R2024b/3P.instrset/gnuarm-armcortex.instrset/win/bin/../lib/gcc/arm-none-eabi/13.2.1/thumb/v7e-m+fp/hard/crtbegin.o
 .text.register_tm_clones
                0x08000bac       0x24 C:/ProgramData/MATLAB/SupportPackages/R2024b/3P.instrset/gnuarm-armcortex.instrset/win/bin/../lib/gcc/arm-none-eabi/13.2.1/thumb/v7e-m+fp/hard/crtbegin.o
 .text.__do_global_dtors_aux
                0x08000bd0       0x28 C:/ProgramData/MATLAB/SupportPackages/R2024b/3P.instrset/gnuarm-armcortex.instrset/win/bin/../lib/gcc/arm-none-eabi/13.2.1/thumb/v7e-m+fp/hard/crtbegin.o
 .text.frame_dummy
                0x08000bf8       0x24 C:/ProgramData/MATLAB/SupportPackages/R2024b/3P.instrset/gnuarm-armcortex.instrset/win/bin/../lib/gcc/arm-none-eabi/13.2.1/thumb/v7e-m+fp/hard/crtbegin.o
 .text.LL_TIM_GetCounterMode
                0x08000c1c       0x30 stm_timer_ll.o
 .text.LL_TIM_GetRepetitionCounter
                0x08000c4c       0x18 stm_timer_ll.o
 .text.LL_TIM_CC_EnableChannel
                0x08000c64       0x22 stm_timer_ll.o
 .text.LL_TIM_CC_DisableChannel
                0x08000c86       0x24 stm_timer_ll.o
 .text.LL_TIM_EnableAllOutputs
                0x08000caa       0x20 stm_timer_ll.o
 .text.LL_TIM_EnableIT_UPDATE
                0x08000cca       0x20 stm_timer_ll.o
 .text.LL_TIM_DisableIT_UPDATE
                0x08000cea       0x20 stm_timer_ll.o
 .text.LL_TIM_IsEnabledIT_UPDATE
                0x08000d0a       0x26 stm_timer_ll.o
 .text.LL_TIM_EnableIT_CC1
                0x08000d30       0x20 stm_timer_ll.o
 .text.LL_TIM_DisableIT_CC1
                0x08000d50       0x20 stm_timer_ll.o
 .text.LL_TIM_IsEnabledIT_CC1
                0x08000d70       0x26 stm_timer_ll.o
 .text.LL_TIM_EnableIT_CC2
                0x08000d96       0x20 stm_timer_ll.o
 .text.LL_TIM_DisableIT_CC2
                0x08000db6       0x20 stm_timer_ll.o
 .text.LL_TIM_IsEnabledIT_CC2
                0x08000dd6       0x26 stm_timer_ll.o
 .text.LL_TIM_EnableIT_CC3
                0x08000dfc       0x20 stm_timer_ll.o
 .text.LL_TIM_DisableIT_CC3
                0x08000e1c       0x20 stm_timer_ll.o
 .text.LL_TIM_IsEnabledIT_CC3
                0x08000e3c       0x26 stm_timer_ll.o
 .text.LL_TIM_EnableIT_CC4
                0x08000e62       0x20 stm_timer_ll.o
 .text.LL_TIM_DisableIT_CC4
                0x08000e82       0x20 stm_timer_ll.o
 .text.LL_TIM_IsEnabledIT_CC4
                0x08000ea2       0x26 stm_timer_ll.o
 .text.LL_TIM_EnableIT_COM
                0x08000ec8       0x20 stm_timer_ll.o
 .text.LL_TIM_DisableIT_COM
                0x08000ee8       0x20 stm_timer_ll.o
 .text.LL_TIM_IsEnabledIT_COM
                0x08000f08       0x26 stm_timer_ll.o
 .text.LL_TIM_EnableIT_TRIG
                0x08000f2e       0x20 stm_timer_ll.o
 .text.LL_TIM_DisableIT_TRIG
                0x08000f4e       0x20 stm_timer_ll.o
 .text.LL_TIM_IsEnabledIT_TRIG
                0x08000f6e       0x26 stm_timer_ll.o
 .text.LL_TIM_EnableIT_BRK
                0x08000f94       0x20 stm_timer_ll.o
 .text.LL_TIM_DisableIT_BRK
                0x08000fb4       0x20 stm_timer_ll.o
 .text.LL_TIM_IsEnabledIT_BRK
                0x08000fd4       0x26 stm_timer_ll.o
 .text.enableTimerInterrupts
                0x08000ffa      0x134 stm_timer_ll.o
                0x08000ffa                enableTimerInterrupts
 .text.disableTimerInterrupts
                0x0800112e      0x134 stm_timer_ll.o
                0x0800112e                disableTimerInterrupts
 *fill*         0x08001262        0x2 
 .text.enableTimerChannel1
                0x08001264       0xa0 stm_timer_ll.o
                0x08001264                enableTimerChannel1
 .text.disableTimerChannel1
                0x08001304       0xa0 stm_timer_ll.o
                0x08001304                disableTimerChannel1
 .text.enableTimerChannel2
                0x080013a4       0xa0 stm_timer_ll.o
                0x080013a4                enableTimerChannel2
 .text.disableTimerChannel2
                0x08001444       0xa0 stm_timer_ll.o
                0x08001444                disableTimerChannel2
 .text.enableTimerChannel3
                0x080014e4       0xa8 stm_timer_ll.o
                0x080014e4                enableTimerChannel3
 .text.disableTimerChannel3
                0x0800158c       0xa8 stm_timer_ll.o
                0x0800158c                disableTimerChannel3
 .text.enableTimerChannel4
                0x08001634       0x28 stm_timer_ll.o
                0x08001634                enableTimerChannel4
 .text.disableTimerChannel4
                0x0800165c       0x28 stm_timer_ll.o
                0x0800165c                disableTimerChannel4
 .text.Timer_Handle_Init
                0x08001684       0xf0 stm_timer_ll.o
                0x08001684                Timer_Handle_Init
 .text.LL_ADC_DMA_GetRegAddr
                0x08001774       0x30 stm_adc_ll.o
 .text.LL_ADC_REG_IsTriggerSourceSWStart
                0x080017a4       0x26 stm_adc_ll.o
 .text.LL_ADC_REG_SetSequencerLength
                0x080017ca       0x26 stm_adc_ll.o
 .text.LL_ADC_REG_SetDMATransfer
                0x080017f0       0x26 stm_adc_ll.o
 .text.LL_ADC_INJ_IsTriggerSourceSWStart
                0x08001816       0x26 stm_adc_ll.o
 .text.LL_ADC_Enable
                0x0800183c       0x28 stm_adc_ll.o
 .text.LL_ADC_Disable
                0x08001864       0x28 stm_adc_ll.o
 .text.LL_ADC_IsEnabled
                0x0800188c       0x26 stm_adc_ll.o
 .text.LL_ADC_StartCalibration
                0x080018b2       0x32 stm_adc_ll.o
 .text.LL_ADC_IsCalibrationOnGoing
                0x080018e4       0x28 stm_adc_ll.o
 .text.LL_ADC_REG_StartConversion
                0x0800190c       0x28 stm_adc_ll.o
 .text.LL_ADC_INJ_StartConversion
                0x08001934       0x28 stm_adc_ll.o
 .text.LL_ADC_IsActiveFlag_EOS
                0x0800195c       0x26 stm_adc_ll.o
 .text.LL_ADC_IsActiveFlag_OVR
                0x08001982       0x26 stm_adc_ll.o
 .text.LL_ADC_ClearFlag_OVR
                0x080019a8       0x1a stm_adc_ll.o
 .text.LL_ADC_EnableIT_EOS
                0x080019c2       0x20 stm_adc_ll.o
 .text.LL_ADC_EnableIT_JEOS
                0x080019e2       0x20 stm_adc_ll.o
 .text.LL_ADC_DisableIT_EOS
                0x08001a02       0x20 stm_adc_ll.o
 .text.LL_ADC_DisableIT_OVR
                0x08001a22       0x20 stm_adc_ll.o
 .text.LL_ADC_DisableIT_JEOS
                0x08001a42       0x20 stm_adc_ll.o
 .text.LL_ADC_DisableIT_AWD1
                0x08001a62       0x20 stm_adc_ll.o
 .text.LL_ADC_IsEnabledIT_OVR
                0x08001a82       0x26 stm_adc_ll.o
 .text.LL_ADC_IsEnabledIT_AWD1
                0x08001aa8       0x26 stm_adc_ll.o
 *fill*         0x08001ace        0x2 
 .text.LL_DMA_EnableChannel
                0x08001ad0       0x44 stm_adc_ll.o
 .text.LL_DMA_DisableChannel
                0x08001b14       0x44 stm_adc_ll.o
 .text.LL_DMA_GetMode
                0x08001b58       0x34 stm_adc_ll.o
 .text.LL_DMA_SetDataLength
                0x08001b8c       0x4c stm_adc_ll.o
 .text.LL_DMA_ConfigAddresses
                0x08001bd8       0x7c stm_adc_ll.o
 .text.LL_DMA_SetPeriphAddress
                0x08001c54       0x34 stm_adc_ll.o
 .text.LL_DMA_IsActiveFlag_TC2
                0x08001c88       0x26 stm_adc_ll.o
 .text.LL_DMA_ClearFlag_TC2
                0x08001cae       0x1a stm_adc_ll.o
 .text.LL_DMA_EnableIT_TC
                0x08001cc8       0x44 stm_adc_ll.o
 .text.LL_DMA_EnableIT_TE
                0x08001d0c       0x44 stm_adc_ll.o
 .text.LL_DMA_DisableIT_TC
                0x08001d50       0x44 stm_adc_ll.o
 .text.LL_DMA_DisableIT_HT
                0x08001d94       0x44 stm_adc_ll.o
 .text.LL_DMA_DisableIT_TE
                0x08001dd8       0x44 stm_adc_ll.o
 .text.LL_DMA_IsEnabledIT_TC
                0x08001e1c       0x3c stm_adc_ll.o
 .text.regularADCTrigger
                0x08001e58       0x86 stm_adc_ll.o
 .text.configure_ADCs_DMA
                0x08001ede       0x64 stm_adc_ll.o
 .text.deconfigure_ADCs_DMA
                0x08001f42       0x3e stm_adc_ll.o
 .text.copyADCChannelsFromDMABuffer
                0x08001f80       0x54 stm_adc_ll.o
 .text.ADC_IsEnabledDMAITTransferComplete
                0x08001fd4       0xa2 stm_adc_ll.o
                0x08001fd4                ADC_IsEnabledDMAITTransferComplete
 *fill*         0x08002076        0x2 
 .text.DMA1_Channel2_IRQHandler
                0x08002078       0x20 stm_adc_ll.o
                0x08002078                DMA1_Channel2_IRQHandler
 .text.ADC_IsActiveFlagOVR
                0x08002098       0x42 stm_adc_ll.o
                0x08002098                ADC_IsActiveFlagOVR
 .text.startADCConversionForExternalTrigger
                0x080020da       0x50 stm_adc_ll.o
                0x080020da                startADCConversionForExternalTrigger
 *fill*         0x0800212a        0x2 
 .text.ADC_Handle_Init
                0x0800212c      0x11c stm_adc_ll.o
                0x0800212c                ADC_Handle_Init
 .text.enableADC
                0x08002248       0x2a stm_adc_ll.o
                0x08002248                enableADC
 .text.regularReadADCDMA
                0x08002272       0xb2 stm_adc_ll.o
                0x08002272                regularReadADCDMA
 .text.ADC_Handle_Deinit
                0x08002324       0xfa stm_adc_ll.o
                0x08002324                ADC_Handle_Deinit
 *fill*         0x0800241e        0x2 
 .text.enableADCAutomaticCalibrationOffset
                0x08002420      0x114 stm_adc_ll.o
                0x08002420                enableADCAutomaticCalibrationOffset
 .text.LL_TIM_EnableCounter
                0x08002534       0x20 BothOptimizedNew.o
 .text.LL_TIM_DisableCounter
                0x08002554       0x20 BothOptimizedNew.o
 .text.LL_TIM_SetUpdateSource
                0x08002574       0x26 BothOptimizedNew.o
 .text.LL_TIM_GetUpdateSource
                0x0800259a       0x1c BothOptimizedNew.o
 .text.LL_TIM_GetAutoReload
                0x080025b6       0x18 BothOptimizedNew.o
 .text.LL_TIM_SetRepetitionCounter
                0x080025ce       0x1c BothOptimizedNew.o
 .text.LL_TIM_OC_SetCompareCH1
                0x080025ea       0x1c BothOptimizedNew.o
 .text.LL_TIM_OC_SetCompareCH2
                0x08002606       0x1c BothOptimizedNew.o
 .text.LL_TIM_OC_SetCompareCH3
                0x08002622       0x1c BothOptimizedNew.o
 .text.LL_TIM_OC_SetCompareCH4
                0x0800263e       0x1c BothOptimizedNew.o
 .text.LL_TIM_OC_GetCompareCH1
                0x0800265a       0x18 BothOptimizedNew.o
 .text.LL_TIM_OC_GetCompareCH2
                0x08002672       0x18 BothOptimizedNew.o
 .text.LL_TIM_OC_GetCompareCH3
                0x0800268a       0x18 BothOptimizedNew.o
 .text.LL_TIM_OC_GetCompareCH4
                0x080026a2       0x18 BothOptimizedNew.o
 .text.LL_TIM_GenerateEvent_UPDATE
                0x080026ba       0x20 BothOptimizedNew.o
 .text.LL_GPIO_ReadInputPort
                0x080026da       0x18 BothOptimizedNew.o
 .text.LL_GPIO_SetOutputPin
                0x080026f2       0x1c BothOptimizedNew.o
 .text.LL_GPIO_ResetOutputPin
                0x0800270e       0x1c BothOptimizedNew.o
 *fill*         0x0800272a        0x2 
 .text.convertDutyCyclePercentageToCounts
                0x0800272c       0x88 BothOptimizedNew.o
 .text.setDutyCycleChannel1
                0x080027b4       0x30 BothOptimizedNew.o
 .text.setDutyCycleChannel2
                0x080027e4       0x30 BothOptimizedNew.o
 .text.setDutyCycleChannel3
                0x08002814       0x30 BothOptimizedNew.o
 .text.setDutyCycleChannel4
                0x08002844       0x30 BothOptimizedNew.o
 .text.setDutyCycleInPercentageChannel1
                0x08002874       0x28 BothOptimizedNew.o
 .text.setDutyCycleInPercentageChannel2
                0x0800289c       0x28 BothOptimizedNew.o
 .text.setDutyCycleInPercentageChannel3
                0x080028c4       0x28 BothOptimizedNew.o
 .text.setDutyCycleInPercentageChannel4
                0x080028ec       0x28 BothOptimizedNew.o
 .text.isSlaveTriggerModeEnabled
                0x08002914       0x30 BothOptimizedNew.o
 .text.enableCounter
                0x08002944      0x100 BothOptimizedNew.o
 .text.disableCounter
                0x08002a44       0x1a BothOptimizedNew.o
 .text.BothOptimize_MATLABSystem1_Init
                0x08002a5e       0x58 BothOptimizedNew.o
                0x08002a5e                BothOptimize_MATLABSystem1_Init
 .text.BothOptimizedNew_MATLABSystem1
                0x08002ab6       0x76 BothOptimizedNew.o
                0x08002ab6                BothOptimizedNew_MATLABSystem1
 .text.BothOptimize_MATLABSystem3_Init
                0x08002b2c       0x58 BothOptimizedNew.o
                0x08002b2c                BothOptimize_MATLABSystem3_Init
 .text.BothOptimizedNew_MATLABSystem3
                0x08002b84       0x76 BothOptimizedNew.o
                0x08002b84                BothOptimizedNew_MATLABSystem3
 *fill*         0x08002bfa        0x2 
 .text.rt_roundd
                0x08002bfc       0xd4 BothOptimizedNew.o
                0x08002bfc                rt_roundd
 .text.BothOptimizedNew_CrossRoad
                0x08002cd0      0x240 BothOptimizedNew.o
 .text.BothOptimizedNew_isequal
                0x08002f10       0x6e BothOptimizedNew.o
 *fill*         0x08002f7e        0x2 
 .text.BothOptimizedNew_optimize_path
                0x08002f80      0x378 BothOptimizedNew.o
 .text.BothOptimizedNew_LineFollowing
                0x080032f8      0x310 BothOptimizedNew.o
 .text.BothOptimizedNew_Optimised
                0x08003608      0x528 BothOptimizedNew.o
 .text.BothOptimizedNew_Turns
                0x08003b30      0x77c BothOptimizedNew.o
 .text.BothOptimizedN_SystemCore_setup
                0x080042ac       0x90 BothOptimizedNew.o
 .text.BothOptim_PWMOutput_setupImpl_j
                0x0800433c       0x78 BothOptimizedNew.o
 .text.BothOptimiz_PWMOutput_setupImpl
                0x080043b4       0x78 BothOptimizedNew.o
 *fill*         0x0800442c        0x4 
 .text.BothOptimizedNew_step
                0x08004430     0x1d9c BothOptimizedNew.o
                0x08004430                BothOptimizedNew_step
 .text.BothOptimizedNew_initialize
                0x080061cc      0x218 BothOptimizedNew.o
                0x080061cc                BothOptimizedNew_initialize
 .text.BothOptimizedNew_terminate
                0x080063e4       0xfc BothOptimizedNew.o
                0x080063e4                BothOptimizedNew_terminate
 .text.store_code_profiling_data_point
                0x080064e0       0x94 ert_main.o
                0x080064e0                store_code_profiling_data_point
 .text.code_profiling_atomic_read_store
                0x08006574       0x2e ert_main.o
                0x08006574                code_profiling_atomic_read_store
 *fill*         0x080065a2        0x2 
 .text.rt_OneStep
                0x080065a4       0x58 ert_main.o
                0x080065a4                rt_OneStep
 .text.main     0x080065fc      0x100 ert_main.o
                0x080065fc                main
 .text.signNumber16
                0x080066fc       0x2c IMU.o
                0x080066fc                signNumber16
 .text.ReadMem  0x08006728       0x58 IMU.o
 .text.refreshIMUValues
                0x08006780      0x128 IMU.o
                0x08006780                refreshIMUValues
 .text.initIMU  0x080068a8       0x9c IMU.o
                0x080068a8                initIMU
 .text.UnInterruptable
                0x08006944       0x3c CustomWhile.o
                0x08006944                UnInterruptable
 .text.Interruptable
                0x08006980       0x2c CustomWhile.o
                0x08006980                Interruptable
 .text.CustomWhile
                0x080069ac      0x46c CustomWhile.o
                0x080069ac                CustomWhile
 .text.HAL_Delay
                0x08006e18       0x2e overrideHALDelay.o
                0x08006e18                HAL_Delay
 *fill*         0x08006e46        0x2 
 .text.getCurrentTimestampInMicros
                0x08006e48       0x40 platform_timer.o
                0x08006e48                getCurrentTimestampInMicros
 .text.__NVIC_SetPriority
                0x08006e88       0x54 SysTickScheduler.o
 .text.SysTick_Config
                0x08006edc       0x44 SysTickScheduler.o
 .text.SysTick_Isr
                0x08006f20       0x48 SysTickScheduler.o
 .text.SysTick_Handler
                0x08006f68       0x20 SysTickScheduler.o
                0x08006f68                SysTick_Handler
 .text.ARMCM_SysTick_Config
                0x08006f88       0xb0 SysTickScheduler.o
                0x08006f88                ARMCM_SysTick_Config
 .text.PendSV_Handler
                0x08007038       0x44 m3m4m4f_multitasking.o
                0x08007038                PendSV_Handler
 .text.SVC_Handler
                0x0800707c       0x58 m3m4m4f_multitasking.o
                0x0800707c                SVC_Handler
 .text.LL_RCC_HSE_EnableCSS
                0x080070d4       0x20 main.o
 .text.LL_RCC_HSE_Enable
                0x080070f4       0x20 main.o
 .text.LL_RCC_HSE_IsReady
                0x08007114       0x28 main.o
 .text.LL_RCC_SetSysClkSource
                0x0800713c       0x28 main.o
 .text.LL_RCC_GetSysClkSource
                0x08007164       0x1c main.o
 .text.LL_RCC_SetAHBPrescaler
                0x08007180       0x28 main.o
 .text.LL_RCC_SetAPB1Prescaler
                0x080071a8       0x28 main.o
 .text.LL_RCC_SetAPB2Prescaler
                0x080071d0       0x28 main.o
 .text.LL_RCC_PLL_Enable
                0x080071f8       0x20 main.o
 .text.LL_RCC_PLL_IsReady
                0x08007218       0x28 main.o
 .text.LL_RCC_PLL_ConfigDomain_SYS
                0x08007240       0x40 main.o
 .text.LL_RCC_PLL_EnableDomain_SYS
                0x08007280       0x20 main.o
 .text.LL_RCC_PLLSAI1_Enable
                0x080072a0       0x20 main.o
 .text.LL_RCC_PLLSAI1_IsReady
                0x080072c0       0x28 main.o
 .text.LL_RCC_PLLSAI1_ConfigDomain_48M
                0x080072e8       0x4c main.o
 .text.LL_RCC_PLLSAI1_EnableDomain_48M
                0x08007334       0x20 main.o
 .text.LL_FLASH_SetLatency
                0x08007354       0x28 main.o
 .text.LL_FLASH_GetLatency
                0x0800737c       0x1c main.o
 .text.LL_PWR_SetRegulVoltageScaling
                0x08007398       0x28 main.o
 .text.LL_PWR_IsActiveFlag_VOS
                0x080073c0       0x28 main.o
 .text.SystemClock_Config
                0x080073e8       0xa0 main.o
                0x080073e8                SystemClock_Config
 .text.PeriphCommonClock_Config
                0x08007488       0x2a main.o
                0x08007488                PeriphCommonClock_Config
 *fill*         0x080074b2        0x2 
 .text.HAL_TIM_PeriodElapsedCallback
                0x080074b4       0x24 main.o
                0x080074b4                HAL_TIM_PeriodElapsedCallback
 .text.Error_Handler
                0x080074d8        0xc main.o
                0x080074d8                Error_Handler
 .text.LL_AHB2_GRP1_EnableClock
                0x080074e4       0x30 gpio.o
 .text.LL_GPIO_SetOutputPin
                0x08007514       0x1c gpio.o
 .text.LL_GPIO_ResetOutputPin
                0x08007530       0x1c gpio.o
 .text.MX_GPIO_Init
                0x0800754c      0x1dc gpio.o
                0x0800754c                MX_GPIO_Init
 .text.__NVIC_GetPriorityGrouping
                0x08007728       0x1c adc.o
 .text.__NVIC_EnableIRQ
                0x08007744       0x3c adc.o
 .text.__NVIC_SetPriority
                0x08007780       0x54 adc.o
 .text.NVIC_EncodePriority
                0x080077d4       0x66 adc.o
 .text.LL_ADC_SetCommonPathInternalCh
                0x0800783a       0x26 adc.o
 .text.LL_ADC_REG_SetSequencerRanks
                0x08007860       0x58 adc.o
 .text.LL_ADC_SetChannelSamplingTime
                0x080078b8       0x56 adc.o
 *fill*         0x0800790e        0x2 
 .text.LL_ADC_SetChannelSingleDiff
                0x08007910       0x48 adc.o
 .text.LL_ADC_SetOverSamplingScope
                0x08007958       0x2a adc.o
 .text.LL_ADC_SetOverSamplingDiscont
                0x08007982       0x26 adc.o
 .text.LL_ADC_ConfigOverSamplingRatioShift
                0x080079a8       0x2c adc.o
 .text.LL_ADC_DisableDeepPowerDown
                0x080079d4       0x24 adc.o
 .text.LL_ADC_EnableInternalRegulator
                0x080079f8       0x28 adc.o
 .text.LL_DMA_SetDataTransferDirection
                0x08007a20       0x50 adc.o
 .text.LL_DMA_SetMode
                0x08007a70       0x4c adc.o
 .text.LL_DMA_SetPeriphIncMode
                0x08007abc       0x4c adc.o
 .text.LL_DMA_SetMemoryIncMode
                0x08007b08       0x4c adc.o
 .text.LL_DMA_SetPeriphSize
                0x08007b54       0x4c adc.o
 .text.LL_DMA_SetMemorySize
                0x08007ba0       0x4c adc.o
 .text.LL_DMA_SetChannelPriorityLevel
                0x08007bec       0x4c adc.o
 .text.LL_DMA_SetPeriphRequest
                0x08007c38       0x64 adc.o
 .text.LL_RCC_SetADCClockSource
                0x08007c9c       0x2c adc.o
 .text.LL_AHB2_GRP1_EnableClock
                0x08007cc8       0x30 adc.o
 .text.LL_GPIO_EnablePinAnalogControl
                0x08007cf8       0x22 adc.o
 *fill*         0x08007d1a        0x2 
 .text.MX_ADC1_Init
                0x08007d1c      0x348 adc.o
                0x08007d1c                MX_ADC1_Init
 .text.MX_ADC2_Init
                0x08008064      0x334 adc.o
                0x08008064                MX_ADC2_Init
 .text.__NVIC_GetPriorityGrouping
                0x08008398       0x1c dma.o
 .text.__NVIC_EnableIRQ
                0x080083b4       0x3c dma.o
 .text.__NVIC_SetPriority
                0x080083f0       0x54 dma.o
 .text.NVIC_EncodePriority
                0x08008444       0x66 dma.o
 *fill*         0x080084aa        0x2 
 .text.LL_AHB1_GRP1_EnableClock
                0x080084ac       0x30 dma.o
 .text.MX_DMA_Init
                0x080084dc       0x8e dma.o
                0x080084dc                MX_DMA_Init
 *fill*         0x0800856a        0x2 
 .text.LL_RCC_SetI2CClockSource
                0x0800856c       0x50 i2c.o
 .text.MX_I2C2_Init
                0x080085bc       0x80 i2c.o
                0x080085bc                MX_I2C2_Init
 .text.HAL_I2C_MspInit
                0x0800863c       0x90 i2c.o
                0x0800863c                HAL_I2C_MspInit
 .text.LL_AHB2_GRP1_EnableClock
                0x080086cc       0x30 tim.o
 .text.LL_APB1_GRP1_EnableClock
                0x080086fc       0x30 tim.o
 .text.LL_TIM_EnableARRPreload
                0x0800872c       0x20 tim.o
 .text.LL_TIM_OC_DisableFast
                0x0800874c       0xa4 tim.o
 .text.LL_TIM_OC_EnablePreload
                0x080087f0       0xa0 tim.o
 .text.LL_TIM_DisableExternalClock
                0x08008890       0x20 tim.o
 .text.LL_TIM_SetClockSource
                0x080088b0       0x2a tim.o
 .text.LL_TIM_SetTriggerOutput
                0x080088da       0x26 tim.o
 .text.LL_TIM_DisableMasterSlaveMode
                0x08008900       0x20 tim.o
 .text.LL_TIM_ConfigETR
                0x08008920       0x32 tim.o
 .text.LL_TIM_SetOCRefClearInputSource
                0x08008952       0x26 tim.o
 .text.MX_TIM3_Init
                0x08008978      0x160 tim.o
                0x08008978                MX_TIM3_Init
 .text.MX_TIM4_Init
                0x08008ad8       0x9c tim.o
                0x08008ad8                MX_TIM4_Init
 .text.HAL_TIM_Base_MspInit
                0x08008b74       0x4c tim.o
                0x08008b74                HAL_TIM_Base_MspInit
 .text.LL_DMA_SetDataTransferDirection
                0x08008bc0       0x50 usart.o
 .text.LL_DMA_SetMode
                0x08008c10       0x4c usart.o
 .text.LL_DMA_SetPeriphIncMode
                0x08008c5c       0x4c usart.o
 .text.LL_DMA_SetMemoryIncMode
                0x08008ca8       0x4c usart.o
 .text.LL_DMA_SetPeriphSize
                0x08008cf4       0x4c usart.o
 .text.LL_DMA_SetMemorySize
                0x08008d40       0x4c usart.o
 .text.LL_DMA_SetChannelPriorityLevel
                0x08008d8c       0x4c usart.o
 .text.LL_DMA_SetPeriphRequest
                0x08008dd8       0x64 usart.o
 .text.LL_RCC_SetUSARTClockSource
                0x08008e3c       0x34 usart.o
 .text.LL_AHB2_GRP1_EnableClock
                0x08008e70       0x30 usart.o
 .text.LL_APB1_GRP1_EnableClock
                0x08008ea0       0x30 usart.o
 .text.LL_USART_Enable
                0x08008ed0       0x20 usart.o
 .text.LL_USART_ConfigAsyncMode
                0x08008ef0       0x2c usart.o
 .text.MX_USART2_UART_Init
                0x08008f1c      0x14c usart.o
                0x08008f1c                MX_USART2_UART_Init
 .text.MX_USB_DEVICE_Init
                0x08009068       0x60 usb_device.o
                0x08009068                MX_USB_DEVICE_Init
 .text.LL_RCC_SetUSBClockSource
                0x080090c8       0x2c usbd_conf.o
 .text.HAL_PCD_MspInit
                0x080090f4       0xf0 usbd_conf.o
                0x080090f4                HAL_PCD_MspInit
 .text.HAL_PCD_SetupStageCallback
                0x080091e4       0x24 usbd_conf.o
                0x080091e4                HAL_PCD_SetupStageCallback
 .text.HAL_PCD_DataOutStageCallback
                0x08009208       0x36 usbd_conf.o
                0x08009208                HAL_PCD_DataOutStageCallback
 .text.HAL_PCD_DataInStageCallback
                0x0800923e       0x34 usbd_conf.o
                0x0800923e                HAL_PCD_DataInStageCallback
 .text.HAL_PCD_SOFCallback
                0x08009272       0x1c usbd_conf.o
                0x08009272                HAL_PCD_SOFCallback
 .text.HAL_PCD_ResetCallback
                0x0800928e       0x3c usbd_conf.o
                0x0800928e                HAL_PCD_ResetCallback
 *fill*         0x080092ca        0x2 
 .text.HAL_PCD_SuspendCallback
                0x080092cc       0x4c usbd_conf.o
                0x080092cc                HAL_PCD_SuspendCallback
 .text.HAL_PCD_ResumeCallback
                0x08009318       0x50 usbd_conf.o
                0x08009318                HAL_PCD_ResumeCallback
 .text.HAL_PCD_ISOOUTIncompleteCallback
                0x08009368       0x24 usbd_conf.o
                0x08009368                HAL_PCD_ISOOUTIncompleteCallback
 .text.HAL_PCD_ISOINIncompleteCallback
                0x0800938c       0x24 usbd_conf.o
                0x0800938c                HAL_PCD_ISOINIncompleteCallback
 .text.HAL_PCD_ConnectCallback
                0x080093b0       0x1c usbd_conf.o
                0x080093b0                HAL_PCD_ConnectCallback
 .text.HAL_PCD_DisconnectCallback
                0x080093cc       0x1c usbd_conf.o
                0x080093cc                HAL_PCD_DisconnectCallback
 .text.USBD_LL_Init
                0x080093e8       0x98 usbd_conf.o
                0x080093e8                USBD_LL_Init
 .text.USBD_LL_Start
                0x08009480       0x64 usbd_conf.o
                0x08009480                USBD_LL_Start
 .text.USBD_LL_OpenEP
                0x080094e4       0x7c usbd_conf.o
                0x080094e4                USBD_LL_OpenEP
 .text.USBD_LL_CloseEP
                0x08009560       0x6c usbd_conf.o
                0x08009560                USBD_LL_CloseEP
 .text.USBD_LL_StallEP
                0x080095cc       0x6c usbd_conf.o
                0x080095cc                USBD_LL_StallEP
 .text.USBD_LL_ClearStallEP
                0x08009638       0x6c usbd_conf.o
                0x08009638                USBD_LL_ClearStallEP
 .text.USBD_LL_IsStallEP
                0x080096a4       0x58 usbd_conf.o
                0x080096a4                USBD_LL_IsStallEP
 .text.USBD_LL_SetUSBAddress
                0x080096fc       0x6c usbd_conf.o
                0x080096fc                USBD_LL_SetUSBAddress
 .text.USBD_LL_Transmit
                0x08009768       0x70 usbd_conf.o
                0x08009768                USBD_LL_Transmit
 .text.USBD_LL_PrepareReceive
                0x080097d8       0x70 usbd_conf.o
                0x080097d8                USBD_LL_PrepareReceive
 .text.USBD_LL_GetRxDataSize
                0x08009848       0x26 usbd_conf.o
                0x08009848                USBD_LL_GetRxDataSize
 *fill*         0x0800986e        0x2 
 .text.HAL_PCDEx_LPM_Callback
                0x08009870       0x9c usbd_conf.o
                0x08009870                HAL_PCDEx_LPM_Callback
 .text.USBD_static_malloc
                0x0800990c       0x1c usbd_conf.o
                0x0800990c                USBD_static_malloc
 .text.USBD_static_free
                0x08009928       0x14 usbd_conf.o
                0x08009928                USBD_static_free
 .text.SystemClockConfig_Resume
                0x0800993c        0xc usbd_conf.o
 .text.USBD_FS_DeviceDescriptor
                0x08009948       0x24 usbd_desc.o
                0x08009948                USBD_FS_DeviceDescriptor
 .text.USBD_FS_LangIDStrDescriptor
                0x0800996c       0x24 usbd_desc.o
                0x0800996c                USBD_FS_LangIDStrDescriptor
 .text.USBD_FS_ProductStrDescriptor
                0x08009990       0x3c usbd_desc.o
                0x08009990                USBD_FS_ProductStrDescriptor
 .text.USBD_FS_ManufacturerStrDescriptor
                0x080099cc       0x28 usbd_desc.o
                0x080099cc                USBD_FS_ManufacturerStrDescriptor
 .text.USBD_FS_SerialStrDescriptor
                0x080099f4       0x24 usbd_desc.o
                0x080099f4                USBD_FS_SerialStrDescriptor
 .text.USBD_FS_ConfigStrDescriptor
                0x08009a18       0x3c usbd_desc.o
                0x08009a18                USBD_FS_ConfigStrDescriptor
 .text.USBD_FS_InterfaceStrDescriptor
                0x08009a54       0x3c usbd_desc.o
                0x08009a54                USBD_FS_InterfaceStrDescriptor
 .text.USBD_FS_USR_BOSDescriptor
                0x08009a90       0x24 usbd_desc.o
                0x08009a90                USBD_FS_USR_BOSDescriptor
 .text.Get_SerialNum
                0x08009ab4       0x58 usbd_desc.o
 .text.IntToUnicode
                0x08009b0c       0x7e usbd_desc.o
 *fill*         0x08009b8a        0x2 
 .text.CDC_Init_FS
                0x08009b8c       0x28 usbd_cdc_if.o
 .text.CDC_DeInit_FS
                0x08009bb4       0x10 usbd_cdc_if.o
 .text.CDC_Control_FS
                0x08009bc4       0xbc usbd_cdc_if.o
 .text.CDC_Receive_FS
                0x08009c80       0x48 usbd_cdc_if.o
 .text.CDC_Transmit_FS
                0x08009cc8       0x4c usbd_cdc_if.o
                0x08009cc8                CDC_Transmit_FS
 .text.CDC_TransmitCplt_FS
                0x08009d14       0x22 usbd_cdc_if.o
 .text.NMI_Handler
                0x08009d36        0x8 stm32l4xx_it.o
                0x08009d36                NMI_Handler
 .text.HardFault_Handler
                0x08009d3e        0x8 stm32l4xx_it.o
                0x08009d3e                HardFault_Handler
 .text.MemManage_Handler
                0x08009d46        0x8 stm32l4xx_it.o
                0x08009d46                MemManage_Handler
 .text.BusFault_Handler
                0x08009d4e        0x8 stm32l4xx_it.o
                0x08009d4e                BusFault_Handler
 .text.UsageFault_Handler
                0x08009d56        0x8 stm32l4xx_it.o
                0x08009d56                UsageFault_Handler
 .text.DebugMon_Handler
                0x08009d5e        0xe stm32l4xx_it.o
                0x08009d5e                DebugMon_Handler
 .text.DMA1_Channel1_IRQHandler
                0x08009d6c        0xe stm32l4xx_it.o
                0x08009d6c                DMA1_Channel1_IRQHandler
 .text.DMA1_Channel6_IRQHandler
                0x08009d7a        0xe stm32l4xx_it.o
                0x08009d7a                DMA1_Channel6_IRQHandler
 .text.DMA1_Channel7_IRQHandler
                0x08009d88        0xe stm32l4xx_it.o
                0x08009d88                DMA1_Channel7_IRQHandler
 .text.ADC1_2_IRQHandler
                0x08009d96        0xe stm32l4xx_it.o
                0x08009d96                ADC1_2_IRQHandler
 .text.TIM1_UP_TIM16_IRQHandler
                0x08009da4       0x14 stm32l4xx_it.o
                0x08009da4                TIM1_UP_TIM16_IRQHandler
 .text.OTG_FS_IRQHandler
                0x08009db8       0x14 stm32l4xx_it.o
                0x08009db8                OTG_FS_IRQHandler
 .text.HAL_MspInit
                0x08009dcc       0x48 stm32l4xx_hal_msp.o
                0x08009dcc                HAL_MspInit
 .text.HAL_InitTick
                0x08009e14       0xdc stm32l4xx_hal_timebase_tim.o
                0x08009e14                HAL_InitTick
 .text.LL_SetSystemCoreClock
                0x08009ef0       0x20 stm32l4xx_ll_utils.o
                0x08009ef0                LL_SetSystemCoreClock
 .text.LL_GPIO_SetPinMode
                0x08009f10       0x7a stm32l4xx_ll_gpio.o
 .text.LL_GPIO_SetPinOutputType
                0x08009f8a       0x30 stm32l4xx_ll_gpio.o
 .text.LL_GPIO_SetPinSpeed
                0x08009fba       0x7a stm32l4xx_ll_gpio.o
 .text.LL_GPIO_SetPinPull
                0x0800a034       0x7a stm32l4xx_ll_gpio.o
 .text.LL_GPIO_SetAFPin_0_7
                0x0800a0ae       0x7a stm32l4xx_ll_gpio.o
 .text.LL_GPIO_SetAFPin_8_15
                0x0800a128       0x7e stm32l4xx_ll_gpio.o
 .text.LL_GPIO_Init
                0x0800a1a6       0xdc stm32l4xx_ll_gpio.o
                0x0800a1a6                LL_GPIO_Init
 .text.HAL_PCD_Init
                0x0800a282      0x248 stm32l4xx_hal_pcd.o
                0x0800a282                HAL_PCD_Init
 .text.HAL_PCD_Start
                0x0800a4ca       0x5e stm32l4xx_hal_pcd.o
                0x0800a4ca                HAL_PCD_Start
 .text.HAL_PCD_IRQHandler
                0x0800a528      0x926 stm32l4xx_hal_pcd.o
                0x0800a528                HAL_PCD_IRQHandler
 .text.HAL_PCD_SetAddress
                0x0800ae4e       0x4a stm32l4xx_hal_pcd.o
                0x0800ae4e                HAL_PCD_SetAddress
 .text.HAL_PCD_EP_Open
                0x0800ae98       0xd0 stm32l4xx_hal_pcd.o
                0x0800ae98                HAL_PCD_EP_Open
 .text.HAL_PCD_EP_Close
                0x0800af68       0x94 stm32l4xx_hal_pcd.o
                0x0800af68                HAL_PCD_EP_Close
 .text.HAL_PCD_EP_Receive
                0x0800affc       0x7c stm32l4xx_hal_pcd.o
                0x0800affc                HAL_PCD_EP_Receive
 .text.HAL_PCD_EP_GetRxCount
                0x0800b078       0x30 stm32l4xx_hal_pcd.o
                0x0800b078                HAL_PCD_EP_GetRxCount
 .text.HAL_PCD_EP_Transmit
                0x0800b0a8       0x7a stm32l4xx_hal_pcd.o
                0x0800b0a8                HAL_PCD_EP_Transmit
 .text.HAL_PCD_EP_SetStall
                0x0800b122       0xc4 stm32l4xx_hal_pcd.o
                0x0800b122                HAL_PCD_EP_SetStall
 .text.HAL_PCD_EP_ClrStall
                0x0800b1e6       0xac stm32l4xx_hal_pcd.o
                0x0800b1e6                HAL_PCD_EP_ClrStall
 .text.HAL_PCD_EP_Abort
                0x0800b292       0x62 stm32l4xx_hal_pcd.o
                0x0800b292                HAL_PCD_EP_Abort
 .text.PCD_WriteEmptyTxFifo
                0x0800b2f4      0x110 stm32l4xx_hal_pcd.o
 .text.PCD_EP_OutXfrComplete_int
                0x0800b404       0x9c stm32l4xx_hal_pcd.o
 .text.PCD_EP_OutSetupPacket_int
                0x0800b4a0       0x68 stm32l4xx_hal_pcd.o
 .text.HAL_PCDEx_SetTxFiFo
                0x0800b508       0x8e stm32l4xx_hal_pcd_ex.o
                0x0800b508                HAL_PCDEx_SetTxFiFo
 .text.HAL_PCDEx_SetRxFiFo
                0x0800b596       0x22 stm32l4xx_hal_pcd_ex.o
                0x0800b596                HAL_PCDEx_SetRxFiFo
 .text.HAL_PCDEx_ActivateLPM
                0x0800b5b8       0x48 stm32l4xx_hal_pcd_ex.o
                0x0800b5b8                HAL_PCDEx_ActivateLPM
 .text.USB_CoreInit
                0x0800b600       0x58 stm32l4xx_ll_usb.o
                0x0800b600                USB_CoreInit
 .text.USB_SetTurnaroundTime
                0x0800b658      0x138 stm32l4xx_ll_usb.o
                0x0800b658                USB_SetTurnaroundTime
 .text.USB_EnableGlobalInt
                0x0800b790       0x22 stm32l4xx_ll_usb.o
                0x0800b790                USB_EnableGlobalInt
 .text.USB_DisableGlobalInt
                0x0800b7b2       0x22 stm32l4xx_ll_usb.o
                0x0800b7b2                USB_DisableGlobalInt
 .text.USB_SetCurrentMode
                0x0800b7d4       0x98 stm32l4xx_ll_usb.o
                0x0800b7d4                USB_SetCurrentMode
 .text.USB_DevInit
                0x0800b86c      0x298 stm32l4xx_ll_usb.o
                0x0800b86c                USB_DevInit
 .text.USB_FlushTxFifo
                0x0800bb04       0x68 stm32l4xx_ll_usb.o
                0x0800bb04                USB_FlushTxFifo
 .text.USB_FlushRxFifo
                0x0800bb6c       0x60 stm32l4xx_ll_usb.o
                0x0800bb6c                USB_FlushRxFifo
 .text.USB_SetDevSpeed
                0x0800bbcc       0x32 stm32l4xx_ll_usb.o
                0x0800bbcc                USB_SetDevSpeed
 .text.USB_GetDevSpeed
                0x0800bbfe       0x3e stm32l4xx_ll_usb.o
                0x0800bbfe                USB_GetDevSpeed
 .text.USB_ActivateEndpoint
                0x0800bc3c      0x10e stm32l4xx_ll_usb.o
                0x0800bc3c                USB_ActivateEndpoint
 *fill*         0x0800bd4a        0x2 
 .text.USB_DeactivateEndpoint
                0x0800bd4c      0x1b8 stm32l4xx_ll_usb.o
                0x0800bd4c                USB_DeactivateEndpoint
 .text.USB_EPStartXfer
                0x0800bf04      0x3c0 stm32l4xx_ll_usb.o
                0x0800bf04                USB_EPStartXfer
 .text.USB_EP0StartXfer
                0x0800c2c4      0x244 stm32l4xx_ll_usb.o
                0x0800c2c4                USB_EP0StartXfer
 .text.USB_EPStopXfer
                0x0800c508      0x154 stm32l4xx_ll_usb.o
                0x0800c508                USB_EPStopXfer
 .text.USB_WritePacket
                0x0800c65c       0x74 stm32l4xx_ll_usb.o
                0x0800c65c                USB_WritePacket
 .text.USB_ReadPacket
                0x0800c6d0       0xb0 stm32l4xx_ll_usb.o
                0x0800c6d0                USB_ReadPacket
 .text.USB_EPSetStall
                0x0800c780       0xdc stm32l4xx_ll_usb.o
                0x0800c780                USB_EPSetStall
 .text.USB_EPClearStall
                0x0800c85c       0xcc stm32l4xx_ll_usb.o
                0x0800c85c                USB_EPClearStall
 .text.USB_SetDevAddress
                0x0800c928       0x4c stm32l4xx_ll_usb.o
                0x0800c928                USB_SetDevAddress
 .text.USB_DevConnect
                0x0800c974       0x42 stm32l4xx_ll_usb.o
                0x0800c974                USB_DevConnect
 .text.USB_DevDisconnect
                0x0800c9b6       0x42 stm32l4xx_ll_usb.o
                0x0800c9b6                USB_DevDisconnect
 .text.USB_ReadInterrupts
                0x0800c9f8       0x26 stm32l4xx_ll_usb.o
                0x0800c9f8                USB_ReadInterrupts
 .text.USB_ReadDevAllOutEpInterrupt
                0x0800ca1e       0x34 stm32l4xx_ll_usb.o
                0x0800ca1e                USB_ReadDevAllOutEpInterrupt
 .text.USB_ReadDevAllInEpInterrupt
                0x0800ca52       0x34 stm32l4xx_ll_usb.o
                0x0800ca52                USB_ReadDevAllInEpInterrupt
 .text.USB_ReadDevOutEPInterrupt
                0x0800ca86       0x3c stm32l4xx_ll_usb.o
                0x0800ca86                USB_ReadDevOutEPInterrupt
 .text.USB_ReadDevInEPInterrupt
                0x0800cac2       0x5c stm32l4xx_ll_usb.o
                0x0800cac2                USB_ReadDevInEPInterrupt
 .text.USB_GetMode
                0x0800cb1e       0x1c stm32l4xx_ll_usb.o
                0x0800cb1e                USB_GetMode
 .text.USB_ActivateSetup
                0x0800cb3a       0x46 stm32l4xx_ll_usb.o
                0x0800cb3a                USB_ActivateSetup
 .text.USB_EP0_OutStart
                0x0800cb80       0x90 stm32l4xx_ll_usb.o
                0x0800cb80                USB_EP0_OutStart
 .text.USB_CoreReset
                0x0800cc10       0x68 stm32l4xx_ll_usb.o
 .text.HAL_Init
                0x0800cc78       0x30 stm32l4xx_hal.o
                0x0800cc78                HAL_Init
 .text.HAL_IncTick
                0x0800cca8       0x28 stm32l4xx_hal.o
                0x0800cca8                HAL_IncTick
 .text.HAL_GetTick
                0x0800ccd0       0x18 stm32l4xx_hal.o
                0x0800ccd0                HAL_GetTick
 .text.HAL_RCC_GetHCLKFreq
                0x0800cce8       0x18 stm32l4xx_hal_rcc.o
                0x0800cce8                HAL_RCC_GetHCLKFreq
 .text.HAL_RCC_GetPCLK2Freq
                0x0800cd00       0x2c stm32l4xx_hal_rcc.o
                0x0800cd00                HAL_RCC_GetPCLK2Freq
 .text.HAL_RCC_GetClockConfig
                0x0800cd2c       0x64 stm32l4xx_hal_rcc.o
                0x0800cd2c                HAL_RCC_GetClockConfig
 .text.HAL_GPIO_Init
                0x0800cd90      0x354 stm32l4xx_hal_gpio.o
                0x0800cd90                HAL_GPIO_Init
 .text.HAL_GPIO_ReadPin
                0x0800d0e4       0x30 stm32l4xx_hal_gpio.o
                0x0800d0e4                HAL_GPIO_ReadPin
 .text.HAL_I2C_Init
                0x0800d114      0x11e stm32l4xx_hal_i2c.o
                0x0800d114                HAL_I2C_Init
 *fill*         0x0800d232        0x2 
 .text.HAL_I2C_Mem_Write
                0x0800d234      0x228 stm32l4xx_hal_i2c.o
                0x0800d234                HAL_I2C_Mem_Write
 .text.HAL_I2C_Mem_Read
                0x0800d45c      0x234 stm32l4xx_hal_i2c.o
                0x0800d45c                HAL_I2C_Mem_Read
 .text.I2C_RequestMemoryWrite
                0x0800d690       0xa8 stm32l4xx_hal_i2c.o
 .text.I2C_RequestMemoryRead
                0x0800d738       0xa8 stm32l4xx_hal_i2c.o
 .text.I2C_Flush_TXDR
                0x0800d7e0       0x48 stm32l4xx_hal_i2c.o
 .text.I2C_WaitOnFlagUntilTimeout
                0x0800d828       0x80 stm32l4xx_hal_i2c.o
 .text.I2C_WaitOnTXISFlagUntilTimeout
                0x0800d8a8       0x80 stm32l4xx_hal_i2c.o
 .text.I2C_WaitOnSTOPFlagUntilTimeout
                0x0800d928       0x78 stm32l4xx_hal_i2c.o
 .text.I2C_IsErrorOccurred
                0x0800d9a0      0x1d8 stm32l4xx_hal_i2c.o
 .text.I2C_TransferConfig
                0x0800db78       0x64 stm32l4xx_hal_i2c.o
 .text.HAL_I2CEx_ConfigAnalogFilter
                0x0800dbdc       0x96 stm32l4xx_hal_i2c_ex.o
                0x0800dbdc                HAL_I2CEx_ConfigAnalogFilter
 .text.HAL_I2CEx_ConfigDigitalFilter
                0x0800dc72       0x98 stm32l4xx_hal_i2c_ex.o
                0x0800dc72                HAL_I2CEx_ConfigDigitalFilter
 *fill*         0x0800dd0a        0x2 
 .text.HAL_PWREx_EnableVddUSB
                0x0800dd0c       0x20 stm32l4xx_hal_pwr_ex.o
                0x0800dd0c                HAL_PWREx_EnableVddUSB
 .text.__NVIC_SetPriorityGrouping
                0x0800dd2c       0x48 stm32l4xx_hal_cortex.o
 .text.__NVIC_GetPriorityGrouping
                0x0800dd74       0x1c stm32l4xx_hal_cortex.o
 .text.__NVIC_EnableIRQ
                0x0800dd90       0x3c stm32l4xx_hal_cortex.o
 .text.__NVIC_DisableIRQ
                0x0800ddcc       0x48 stm32l4xx_hal_cortex.o
 .text.__NVIC_SetPriority
                0x0800de14       0x54 stm32l4xx_hal_cortex.o
 .text.NVIC_EncodePriority
                0x0800de68       0x66 stm32l4xx_hal_cortex.o
 .text.HAL_NVIC_SetPriorityGrouping
                0x0800dece       0x16 stm32l4xx_hal_cortex.o
                0x0800dece                HAL_NVIC_SetPriorityGrouping
 .text.HAL_NVIC_SetPriority
                0x0800dee4       0x38 stm32l4xx_hal_cortex.o
                0x0800dee4                HAL_NVIC_SetPriority
 .text.HAL_NVIC_EnableIRQ
                0x0800df1c       0x1c stm32l4xx_hal_cortex.o
                0x0800df1c                HAL_NVIC_EnableIRQ
 .text.HAL_NVIC_DisableIRQ
                0x0800df38       0x1c stm32l4xx_hal_cortex.o
                0x0800df38                HAL_NVIC_DisableIRQ
 .text.LL_ADC_REG_SetSequencerLength
                0x0800df54       0x26 stm32l4xx_ll_adc.o
 .text.LL_ADC_IsEnabled
                0x0800df7a       0x26 stm32l4xx_ll_adc.o
 .text.LL_ADC_CommonInit
                0x0800dfa0       0x90 stm32l4xx_ll_adc.o
                0x0800dfa0                LL_ADC_CommonInit
 .text.LL_ADC_Init
                0x0800e030       0x4c stm32l4xx_ll_adc.o
                0x0800e030                LL_ADC_Init
 .text.LL_ADC_REG_Init
                0x0800e07c       0x94 stm32l4xx_ll_adc.o
                0x0800e07c                LL_ADC_REG_Init
 .text.HAL_TIM_Base_Init
                0x0800e110       0xae stm32l4xx_hal_tim.o
                0x0800e110                HAL_TIM_Base_Init
 *fill*         0x0800e1be        0x2 
 .text.HAL_TIM_Base_Start_IT
                0x0800e1c0       0xe0 stm32l4xx_hal_tim.o
                0x0800e1c0                HAL_TIM_Base_Start_IT
 .text.HAL_TIM_IRQHandler
                0x0800e2a0      0x23e stm32l4xx_hal_tim.o
                0x0800e2a0                HAL_TIM_IRQHandler
 .text.HAL_TIM_ConfigClockSource
                0x0800e4de      0x192 stm32l4xx_hal_tim.o
                0x0800e4de                HAL_TIM_ConfigClockSource
 .text.HAL_TIM_OC_DelayElapsedCallback
                0x0800e670       0x14 stm32l4xx_hal_tim.o
                0x0800e670                HAL_TIM_OC_DelayElapsedCallback
 .text.HAL_TIM_IC_CaptureCallback
                0x0800e684       0x14 stm32l4xx_hal_tim.o
                0x0800e684                HAL_TIM_IC_CaptureCallback
 .text.HAL_TIM_PWM_PulseFinishedCallback
                0x0800e698       0x14 stm32l4xx_hal_tim.o
                0x0800e698                HAL_TIM_PWM_PulseFinishedCallback
 .text.HAL_TIM_TriggerCallback
                0x0800e6ac       0x14 stm32l4xx_hal_tim.o
                0x0800e6ac                HAL_TIM_TriggerCallback
 .text.TIM_Base_SetConfig
                0x0800e6c0      0x134 stm32l4xx_hal_tim.o
                0x0800e6c0                TIM_Base_SetConfig
 .text.TIM_TI1_ConfigInputStage
                0x0800e7f4       0x5e stm32l4xx_hal_tim.o
 .text.TIM_TI2_ConfigInputStage
                0x0800e852       0x60 stm32l4xx_hal_tim.o
 .text.TIM_ITRx_SetConfig
                0x0800e8b2       0x36 stm32l4xx_hal_tim.o
 .text.TIM_ETR_SetConfig
                0x0800e8e8       0x40 stm32l4xx_hal_tim.o
                0x0800e8e8                TIM_ETR_SetConfig
 .text.HAL_TIMEx_MasterConfigSynchronization
                0x0800e928      0x110 stm32l4xx_hal_tim_ex.o
                0x0800e928                HAL_TIMEx_MasterConfigSynchronization
 .text.HAL_TIMEx_CommutCallback
                0x0800ea38       0x14 stm32l4xx_hal_tim_ex.o
                0x0800ea38                HAL_TIMEx_CommutCallback
 .text.HAL_TIMEx_BreakCallback
                0x0800ea4c       0x14 stm32l4xx_hal_tim_ex.o
                0x0800ea4c                HAL_TIMEx_BreakCallback
 .text.HAL_TIMEx_Break2Callback
                0x0800ea60       0x14 stm32l4xx_hal_tim_ex.o
                0x0800ea60                HAL_TIMEx_Break2Callback
 .text.LL_TIM_SetPrescaler
                0x0800ea74       0x1c stm32l4xx_ll_tim.o
 .text.LL_TIM_SetAutoReload
                0x0800ea90       0x1c stm32l4xx_ll_tim.o
 .text.LL_TIM_SetRepetitionCounter
                0x0800eaac       0x1c stm32l4xx_ll_tim.o
 .text.LL_TIM_OC_SetCompareCH1
                0x0800eac8       0x1c stm32l4xx_ll_tim.o
 .text.LL_TIM_OC_SetCompareCH2
                0x0800eae4       0x1c stm32l4xx_ll_tim.o
 .text.LL_TIM_OC_SetCompareCH3
                0x0800eb00       0x1c stm32l4xx_ll_tim.o
 .text.LL_TIM_OC_SetCompareCH4
                0x0800eb1c       0x1c stm32l4xx_ll_tim.o
 .text.LL_TIM_OC_SetCompareCH5
                0x0800eb38       0x20 stm32l4xx_ll_tim.o
 .text.LL_TIM_OC_SetCompareCH6
                0x0800eb58       0x1c stm32l4xx_ll_tim.o
 .text.LL_TIM_GenerateEvent_UPDATE
                0x0800eb74       0x20 stm32l4xx_ll_tim.o
 .text.LL_TIM_Init
                0x0800eb94      0x128 stm32l4xx_ll_tim.o
                0x0800eb94                LL_TIM_Init
 .text.LL_TIM_OC_Init
                0x0800ecbc       0xbe stm32l4xx_ll_tim.o
                0x0800ecbc                LL_TIM_OC_Init
 *fill*         0x0800ed7a        0x2 
 .text.OC1Config
                0x0800ed7c      0x100 stm32l4xx_ll_tim.o
 .text.OC2Config
                0x0800ee7c      0x108 stm32l4xx_ll_tim.o
 .text.OC3Config
                0x0800ef84      0x108 stm32l4xx_ll_tim.o
 .text.OC4Config
                0x0800f08c       0xd8 stm32l4xx_ll_tim.o
 .text.OC5Config
                0x0800f164       0xc8 stm32l4xx_ll_tim.o
 .text.OC6Config
                0x0800f22c       0xc8 stm32l4xx_ll_tim.o
 .text.LL_USART_IsEnabled
                0x0800f2f4       0x26 stm32l4xx_ll_usart.o
 .text.LL_USART_SetStopBitsLength
                0x0800f31a       0x26 stm32l4xx_ll_usart.o
 .text.LL_USART_SetHWFlowCtrl
                0x0800f340       0x26 stm32l4xx_ll_usart.o
 .text.LL_USART_SetBaudRate
                0x0800f366       0x6e stm32l4xx_ll_usart.o
 .text.LL_USART_Init
                0x0800f3d4       0xf8 stm32l4xx_ll_usart.o
                0x0800f3d4                LL_USART_Init
 .text.LL_RCC_HSI_IsReady
                0x0800f4cc       0x28 stm32l4xx_ll_rcc.o
 .text.LL_RCC_LSE_IsReady
                0x0800f4f4       0x28 stm32l4xx_ll_rcc.o
 .text.LL_RCC_MSI_IsEnabledRangeSelect
                0x0800f51c       0x24 stm32l4xx_ll_rcc.o
 .text.LL_RCC_MSI_GetRange
                0x0800f540       0x1c stm32l4xx_ll_rcc.o
 .text.LL_RCC_MSI_GetRangeAfterStandby
                0x0800f55c       0x1c stm32l4xx_ll_rcc.o
 .text.LL_RCC_GetSysClkSource
                0x0800f578       0x1c stm32l4xx_ll_rcc.o
 .text.LL_RCC_GetAHBPrescaler
                0x0800f594       0x1c stm32l4xx_ll_rcc.o
 .text.LL_RCC_GetAPB1Prescaler
                0x0800f5b0       0x1c stm32l4xx_ll_rcc.o
 .text.LL_RCC_GetAPB2Prescaler
                0x0800f5cc       0x1c stm32l4xx_ll_rcc.o
 .text.LL_RCC_GetUSARTClockSource
                0x0800f5e8       0x28 stm32l4xx_ll_rcc.o
 .text.LL_RCC_GetUARTClockSource
                0x0800f610       0x28 stm32l4xx_ll_rcc.o
 .text.LL_RCC_PLL_GetMainSource
                0x0800f638       0x1c stm32l4xx_ll_rcc.o
 .text.LL_RCC_PLL_GetN
                0x0800f654       0x1c stm32l4xx_ll_rcc.o
 .text.LL_RCC_PLL_GetR
                0x0800f670       0x1c stm32l4xx_ll_rcc.o
 .text.LL_RCC_PLL_GetDivider
                0x0800f68c       0x1c stm32l4xx_ll_rcc.o
 .text.LL_RCC_GetUSARTClockFreq
                0x0800f6a8      0x1c4 stm32l4xx_ll_rcc.o
                0x0800f6a8                LL_RCC_GetUSARTClockFreq
 .text.LL_RCC_GetUARTClockFreq
                0x0800f86c      0x128 stm32l4xx_ll_rcc.o
                0x0800f86c                LL_RCC_GetUARTClockFreq
 .text.RCC_GetSystemClockFreq
                0x0800f994      0x120 stm32l4xx_ll_rcc.o
 .text.RCC_GetHCLKClockFreq
                0x0800fab4       0x2c stm32l4xx_ll_rcc.o
 .text.RCC_GetPCLK1ClockFreq
                0x0800fae0       0x28 stm32l4xx_ll_rcc.o
 .text.RCC_GetPCLK2ClockFreq
                0x0800fb08       0x28 stm32l4xx_ll_rcc.o
 .text.RCC_PLL_GetFreqDomain_SYS
                0x0800fb30      0x118 stm32l4xx_ll_rcc.o
 .text.USBD_Init
                0x0800fc48       0x60 usbd_core.o
                0x0800fc48                USBD_Init
 .text.USBD_RegisterClass
                0x0800fca8       0x4e usbd_core.o
                0x0800fca8                USBD_RegisterClass
 .text.USBD_Start
                0x0800fcf6       0x18 usbd_core.o
                0x0800fcf6                USBD_Start
 .text.USBD_RunTestMode
                0x0800fd0e       0x16 usbd_core.o
                0x0800fd0e                USBD_RunTestMode
 .text.USBD_SetClassConfig
                0x0800fd24       0x38 usbd_core.o
                0x0800fd24                USBD_SetClassConfig
 .text.USBD_ClrClassConfig
                0x0800fd5c       0x30 usbd_core.o
                0x0800fd5c                USBD_ClrClassConfig
 .text.USBD_LL_SetupStage
                0x0800fd8c       0xaa usbd_core.o
                0x0800fd8c                USBD_LL_SetupStage
 .text.USBD_LL_DataOutStage
                0x0800fe36       0xc6 usbd_core.o
                0x0800fe36                USBD_LL_DataOutStage
 .text.USBD_LL_DataInStage
                0x0800fefc      0x12c usbd_core.o
                0x0800fefc                USBD_LL_DataInStage
 .text.USBD_LL_Reset
                0x08010028       0x9c usbd_core.o
                0x08010028                USBD_LL_Reset
 .text.USBD_LL_SetSpeed
                0x080100c4       0x20 usbd_core.o
                0x080100c4                USBD_LL_SetSpeed
 .text.USBD_LL_Suspend
                0x080100e4       0x2c usbd_core.o
                0x080100e4                USBD_LL_Suspend
 .text.USBD_LL_Resume
                0x08010110       0x30 usbd_core.o
                0x08010110                USBD_LL_Resume
 .text.USBD_LL_SOF
                0x08010140       0x44 usbd_core.o
                0x08010140                USBD_LL_SOF
 .text.USBD_LL_IsoINIncomplete
                0x08010184       0x4c usbd_core.o
                0x08010184                USBD_LL_IsoINIncomplete
 .text.USBD_LL_IsoOUTIncomplete
                0x080101d0       0x4c usbd_core.o
                0x080101d0                USBD_LL_IsoOUTIncomplete
 .text.USBD_LL_DevConnected
                0x0801021c       0x16 usbd_core.o
                0x0801021c                USBD_LL_DevConnected
 .text.USBD_LL_DevDisconnected
                0x08010232       0x38 usbd_core.o
                0x08010232                USBD_LL_DevDisconnected
 .text.SWAPBYTE
                0x0801026a       0x3e usbd_ctlreq.o
 .text.USBD_StdDevReq
                0x080102a8       0xdc usbd_ctlreq.o
                0x080102a8                USBD_StdDevReq
 .text.USBD_StdItfReq
                0x08010384       0x92 usbd_ctlreq.o
                0x08010384                USBD_StdItfReq
 .text.USBD_StdEPReq
                0x08010416      0x2c4 usbd_ctlreq.o
                0x08010416                USBD_StdEPReq
 *fill*         0x080106da        0x2 
 .text.USBD_GetDescriptor
                0x080106dc      0x328 usbd_ctlreq.o
 .text.USBD_SetAddress
                0x08010a04       0x88 usbd_ctlreq.o
 .text.USBD_SetConfig
                0x08010a8c      0x14c usbd_ctlreq.o
 .text.USBD_GetConfig
                0x08010bd8       0x6c usbd_ctlreq.o
 .text.USBD_GetStatus
                0x08010c44       0x68 usbd_ctlreq.o
 .text.USBD_SetFeature
                0x08010cac       0x28 usbd_ctlreq.o
 .text.USBD_ClrFeature
                0x08010cd4       0x44 usbd_ctlreq.o
 .text.USBD_ParseSetupRequest
                0x08010d18       0x74 usbd_ctlreq.o
                0x08010d18                USBD_ParseSetupRequest
 .text.USBD_CtlError
                0x08010d8c       0x22 usbd_ctlreq.o
                0x08010d8c                USBD_CtlError
 .text.USBD_GetString
                0x08010dae       0x8c usbd_ctlreq.o
                0x08010dae                USBD_GetString
 .text.USBD_GetLen
                0x08010e3a       0x34 usbd_ctlreq.o
 .text.USBD_CtlSendData
                0x08010e6e       0x36 usbd_ioreq.o
                0x08010e6e                USBD_CtlSendData
 .text.USBD_CtlContinueSendData
                0x08010ea4       0x22 usbd_ioreq.o
                0x08010ea4                USBD_CtlContinueSendData
 .text.USBD_CtlPrepareRx
                0x08010ec6       0x3a usbd_ioreq.o
                0x08010ec6                USBD_CtlPrepareRx
 .text.USBD_CtlContinueRx
                0x08010f00       0x22 usbd_ioreq.o
                0x08010f00                USBD_CtlContinueRx
 .text.USBD_CtlSendStatus
                0x08010f22       0x26 usbd_ioreq.o
                0x08010f22                USBD_CtlSendStatus
 .text.USBD_CtlReceiveStatus
                0x08010f48       0x26 usbd_ioreq.o
                0x08010f48                USBD_CtlReceiveStatus
 .text.USBD_CDC_Init
                0x08010f6e       0xfe usbd_cdc.o
 .text.USBD_CDC_DeInit
                0x0801106c       0x74 usbd_cdc.o
 .text.USBD_CDC_Setup
                0x080110e0      0x190 usbd_cdc.o
 .text.USBD_CDC_DataIn
                0x08011270       0xca usbd_cdc.o
 .text.USBD_CDC_DataOut
                0x0801133a       0x56 usbd_cdc.o
 .text.USBD_CDC_EP0_RxReady
                0x08011390       0x58 usbd_cdc.o
 .text.USBD_CDC_GetFSCfgDesc
                0x080113e8       0x20 usbd_cdc.o
 .text.USBD_CDC_GetHSCfgDesc
                0x08011408       0x20 usbd_cdc.o
 .text.USBD_CDC_GetOtherSpeedCfgDesc
                0x08011428       0x20 usbd_cdc.o
 .text.USBD_CDC_GetDeviceQualifierDescriptor
                0x08011448       0x20 usbd_cdc.o
                0x08011448                USBD_CDC_GetDeviceQualifierDescriptor
 .text.USBD_CDC_RegisterInterface
                0x08011468       0x2a usbd_cdc.o
                0x08011468                USBD_CDC_RegisterInterface
 .text.USBD_CDC_SetTxBuffer
                0x08011492       0x3c usbd_cdc.o
                0x08011492                USBD_CDC_SetTxBuffer
 .text.USBD_CDC_SetRxBuffer
                0x080114ce       0x32 usbd_cdc.o
                0x080114ce                USBD_CDC_SetRxBuffer
 .text.USBD_CDC_TransmitPacket
                0x08011500       0x60 usbd_cdc.o
                0x08011500                USBD_CDC_TransmitPacket
 .text.USBD_CDC_ReceivePacket
                0x08011560       0x54 usbd_cdc.o
                0x08011560                USBD_CDC_ReceivePacket
 .text.SystemInit
                0x080115b4       0x24 system_stm32l4xx.o
                0x080115b4                SystemInit
 .text.Reset_Handler
                0x080115d8       0x50 startup_stm32l476vetx.o
                0x080115d8                Reset_Handler
 .text.Default_Handler
                0x08011628        0x2 startup_stm32l476vetx.o
                0x08011628                RTC_Alarm_IRQHandler
                0x08011628                EXTI2_IRQHandler
                0x08011628                TIM8_TRG_COM_IRQHandler
                0x08011628                TIM8_CC_IRQHandler
                0x08011628                TIM1_CC_IRQHandler
                0x08011628                TSC_IRQHandler
                0x08011628                TAMP_STAMP_IRQHandler
                0x08011628                EXTI3_IRQHandler
                0x08011628                LPTIM2_IRQHandler
                0x08011628                DFSDM1_FLT1_IRQHandler
                0x08011628                I2C3_ER_IRQHandler
                0x08011628                DFSDM1_FLT2_IRQHandler
                0x08011628                EXTI0_IRQHandler
                0x08011628                I2C2_EV_IRQHandler
                0x08011628                CAN1_RX0_IRQHandler
                0x08011628                FPU_IRQHandler
                0x08011628                SPI1_IRQHandler
                0x08011628                TIM6_DAC_IRQHandler
                0x08011628                TIM8_UP_IRQHandler
                0x08011628                DMA2_Channel2_IRQHandler
                0x08011628                DMA1_Channel4_IRQHandler
                0x08011628                SAI2_IRQHandler
                0x08011628                DFSDM1_FLT3_IRQHandler
                0x08011628                USART3_IRQHandler
                0x08011628                CAN1_RX1_IRQHandler
                0x08011628                LCD_IRQHandler
                0x08011628                UART5_IRQHandler
                0x08011628                ADC3_IRQHandler
                0x08011628                TIM4_IRQHandler
                0x08011628                DMA2_Channel1_IRQHandler
                0x08011628                QUADSPI_IRQHandler
                0x08011628                I2C1_EV_IRQHandler
                0x08011628                UART4_IRQHandler
                0x08011628                DMA2_Channel4_IRQHandler
                0x08011628                TIM3_IRQHandler
                0x08011628                RCC_IRQHandler
                0x08011628                Default_Handler
                0x08011628                DMA2_Channel7_IRQHandler
                0x08011628                EXTI15_10_IRQHandler
                0x08011628                TIM7_IRQHandler
                0x08011628                SDMMC1_IRQHandler
                0x08011628                TIM5_IRQHandler
                0x08011628                I2C3_EV_IRQHandler
                0x08011628                EXTI9_5_IRQHandler
                0x08011628                RTC_WKUP_IRQHandler
                0x08011628                PVD_PVM_IRQHandler
                0x08011628                SPI2_IRQHandler
                0x08011628                CAN1_TX_IRQHandler
                0x08011628                DMA2_Channel5_IRQHandler
                0x08011628                DMA1_Channel5_IRQHandler
                0x08011628                EXTI4_IRQHandler
                0x08011628                RNG_IRQHandler
                0x08011628                TIM1_TRG_COM_TIM17_IRQHandler
                0x08011628                DMA1_Channel3_IRQHandler
                0x08011628                COMP_IRQHandler
                0x08011628                WWDG_IRQHandler
                0x08011628                LPUART1_IRQHandler
                0x08011628                DMA2_Channel6_IRQHandler
                0x08011628                TIM2_IRQHandler
                0x08011628                EXTI1_IRQHandler
                0x08011628                USART2_IRQHandler
                0x08011628                DFSDM1_FLT0_IRQHandler
                0x08011628                I2C2_ER_IRQHandler
                0x08011628                TIM8_BRK_IRQHandler
                0x08011628                CAN1_SCE_IRQHandler
                0x08011628                FLASH_IRQHandler
                0x08011628                USART1_IRQHandler
                0x08011628                SPI3_IRQHandler
                0x08011628                I2C1_ER_IRQHandler
                0x08011628                FMC_IRQHandler
                0x08011628                SWPMI1_IRQHandler
                0x08011628                LPTIM1_IRQHandler
                0x08011628                SAI1_IRQHandler
                0x08011628                DMA2_Channel3_IRQHandler
                0x08011628                TIM1_BRK_TIM15_IRQHandler
 .text.xilUploadProfilingData
                0x0801162a       0x16 code_profiling_utility_functions.o
                0x0801162a                xilUploadProfilingData
 .text.taskTimeStart_BothOptimizedNew
                0x08011640       0x16 code_profiling_utility_functions.o
                0x08011640                taskTimeStart_BothOptimizedNew
 .text.taskTimeEnd_BothOptimizedNew
                0x08011656       0x20 code_profiling_utility_functions.o
                0x08011656                taskTimeEnd_BothOptimizedNew
 *fill*         0x08011676        0x2 
 .text.fmod     0x08011678       0x6c C:/ProgramData/MATLAB/SupportPackages/R2024b/3P.instrset/gnuarm-armcortex.instrset/win/bin/../lib/gcc/arm-none-eabi/13.2.1/thumb/v7e-m+fp/hard\libm.a(libm_a-w_fmod.o)
                0x08011678                fmod
 *fill*         0x080116e4        0x4 
 .text.ceil     0x080116e8      0x100 C:/ProgramData/MATLAB/SupportPackages/R2024b/3P.instrset/gnuarm-armcortex.instrset/win/bin/../lib/gcc/arm-none-eabi/13.2.1/thumb/v7e-m+fp/hard\libm.a(libm_a-s_ceil.o)
                0x080116e8                ceil
 .text.floor    0x080117e8      0x108 C:/ProgramData/MATLAB/SupportPackages/R2024b/3P.instrset/gnuarm-armcortex.instrset/win/bin/../lib/gcc/arm-none-eabi/13.2.1/thumb/v7e-m+fp/hard\libm.a(libm_a-s_floor.o)
                0x080117e8                floor
 .text.__ieee754_fmod
                0x080118f0      0x30c C:/ProgramData/MATLAB/SupportPackages/R2024b/3P.instrset/gnuarm-armcortex.instrset/win/bin/../lib/gcc/arm-none-eabi/13.2.1/thumb/v7e-m+fp/hard\libm.a(libm_a-e_fmod.o)
                0x080118f0                __ieee754_fmod
 .text.memset   0x08011bfc       0x10 C:/ProgramData/MATLAB/SupportPackages/R2024b/3P.instrset/gnuarm-armcortex.instrset/win/bin/../lib/gcc/arm-none-eabi/13.2.1/thumb/v7e-m+fp/hard\libc_nano.a(libc_a-memset.o)
                0x08011bfc                memset
 .text.__errno  0x08011c0c        0xc C:/ProgramData/MATLAB/SupportPackages/R2024b/3P.instrset/gnuarm-armcortex.instrset/win/bin/../lib/gcc/arm-none-eabi/13.2.1/thumb/v7e-m+fp/hard\libc_nano.a(libc_a-errno.o)
                0x08011c0c                __errno
 .text.__libc_init_array
                0x08011c18       0x48 C:/ProgramData/MATLAB/SupportPackages/R2024b/3P.instrset/gnuarm-armcortex.instrset/win/bin/../lib/gcc/arm-none-eabi/13.2.1/thumb/v7e-m+fp/hard\libc_nano.a(libc_a-init.o)
                0x08011c18                __libc_init_array
 .text.memcpy   0x08011c60       0x1c C:/ProgramData/MATLAB/SupportPackages/R2024b/3P.instrset/gnuarm-armcortex.instrset/win/bin/../lib/gcc/arm-none-eabi/13.2.1/thumb/v7e-m+fp/hard\libc_nano.a(libc_a-memcpy-stub.o)
                0x08011c60                memcpy
 *(.glue_7)
 .glue_7        0x08011c7c        0x0 linker stubs
 *(.glue_7t)
 .glue_7t       0x08011c7c        0x0 linker stubs
 *(.eh_frame)
 .eh_frame      0x08011c7c        0x0 C:/ProgramData/MATLAB/SupportPackages/R2024b/3P.instrset/gnuarm-armcortex.instrset/win/bin/../lib/gcc/arm-none-eabi/13.2.1/thumb/v7e-m+fp/hard/crtbegin.o
 *(.init)
 .init          0x08011c7c        0x4 C:/ProgramData/MATLAB/SupportPackages/R2024b/3P.instrset/gnuarm-armcortex.instrset/win/bin/../lib/gcc/arm-none-eabi/13.2.1/thumb/v7e-m+fp/hard/crti.o
                0x08011c7c                _init
 .init          0x08011c80        0x8 C:/ProgramData/MATLAB/SupportPackages/R2024b/3P.instrset/gnuarm-armcortex.instrset/win/bin/../lib/gcc/arm-none-eabi/13.2.1/thumb/v7e-m+fp/hard/crtn.o
 *(.fini)
 .fini          0x08011c88        0x4 C:/ProgramData/MATLAB/SupportPackages/R2024b/3P.instrset/gnuarm-armcortex.instrset/win/bin/../lib/gcc/arm-none-eabi/13.2.1/thumb/v7e-m+fp/hard/crti.o
                0x08011c88                _fini
 .fini          0x08011c8c        0x8 C:/ProgramData/MATLAB/SupportPackages/R2024b/3P.instrset/gnuarm-armcortex.instrset/win/bin/../lib/gcc/arm-none-eabi/13.2.1/thumb/v7e-m+fp/hard/crtn.o
                0x08011c94                        . = ALIGN (0x4)
                0x08011c94                        _etext = .

.vfp11_veneer   0x08011c94        0x0
 .vfp11_veneer  0x08011c94        0x0 linker stubs

.v4_bx          0x08011c94        0x0
 .v4_bx         0x08011c94        0x0 linker stubs

.iplt           0x08011c94        0x0
 .iplt          0x08011c94        0x0 C:/ProgramData/MATLAB/SupportPackages/R2024b/3P.instrset/gnuarm-armcortex.instrset/win/bin/../lib/gcc/arm-none-eabi/13.2.1/thumb/v7e-m+fp/hard/crtbegin.o

.rodata         0x08011c98      0x188
                0x08011c98                        . = ALIGN (0x4)
 *(.rodata)
 .rodata        0x08011c98        0x9 CustomWhile.o
 *fill*         0x08011ca1        0x3 
 .rodata        0x08011ca4       0x46 usbd_desc.o
 *(.rodata*)
 *fill*         0x08011cea        0x2 
 .rodata.CHANNEL_OFFSET_TAB
                0x08011cec        0x7 stm_adc_ll.o
 *fill*         0x08011cf3        0x1 
 .rodata.BothOptimizedNew_M
                0x08011cf4        0x4 BothOptimizedNew.o
                0x08011cf4                BothOptimizedNew_M
 .rodata.b.6    0x08011cf8       0x18 BothOptimizedNew.o
 .rodata.c.5    0x08011d10       0x18 BothOptimizedNew.o
 .rodata.d.4    0x08011d28       0x18 BothOptimizedNew.o
 .rodata.e.3    0x08011d40       0x18 BothOptimizedNew.o
 .rodata.f.2    0x08011d58       0x18 BothOptimizedNew.o
 .rodata.g.1    0x08011d70       0x18 BothOptimizedNew.o
 .rodata.h.0    0x08011d88       0x18 BothOptimizedNew.o
 .rodata.CHANNEL_OFFSET_TAB
                0x08011da0        0x7 adc.o
 *fill*         0x08011da7        0x1 
 .rodata.OFFSET_TAB_CCMRx
                0x08011da8        0x9 tim.o
 *fill*         0x08011db1        0x3 
 .rodata.SHIFT_TAB_OCxx
                0x08011db4        0x9 tim.o
 *fill*         0x08011dbd        0x3 
 .rodata.CHANNEL_OFFSET_TAB
                0x08011dc0        0x7 usart.o
 *fill*         0x08011dc7        0x1 
 .rodata.AHBPrescTable
                0x08011dc8       0x10 system_stm32l4xx.o
                0x08011dc8                AHBPrescTable
 .rodata.APBPrescTable
                0x08011dd8        0x8 system_stm32l4xx.o
                0x08011dd8                APBPrescTable
 .rodata.MSIRangeTable
                0x08011de0       0x30 system_stm32l4xx.o
                0x08011de0                MSIRangeTable
 .rodata.Zero   0x08011e10       0x10 C:/ProgramData/MATLAB/SupportPackages/R2024b/3P.instrset/gnuarm-armcortex.instrset/win/bin/../lib/gcc/arm-none-eabi/13.2.1/thumb/v7e-m+fp/hard\libm.a(libm_a-e_fmod.o)
                0x08011e20                        . = ALIGN (0x4)

.rel.dyn        0x08011e20        0x0
 .rel.iplt      0x08011e20        0x0 C:/ProgramData/MATLAB/SupportPackages/R2024b/3P.instrset/gnuarm-armcortex.instrset/win/bin/../lib/gcc/arm-none-eabi/13.2.1/thumb/v7e-m+fp/hard/crtbegin.o

.ARM.extab      0x08011e20        0x0
                0x08011e20                        . = ALIGN (0x4)
 *(.ARM.extab* .gnu.linkonce.armextab.*)
                0x08011e20                        . = ALIGN (0x4)

.ARM            0x08011e20        0x0
                0x08011e20                        . = ALIGN (0x4)
                0x08011e20                        __exidx_start = .
 *(.ARM.exidx*)
                0x08011e20                        __exidx_end = .
                0x08011e20                        . = ALIGN (0x4)

.preinit_array  0x08011e20        0x0
                0x08011e20                        . = ALIGN (0x4)
                0x08011e20                        PROVIDE (__preinit_array_start = .)
 *(.preinit_array*)
                0x08011e20                        PROVIDE (__preinit_array_end = .)
                0x08011e20                        . = ALIGN (0x4)

.init_array     0x08011e20        0x4
                0x08011e20                        . = ALIGN (0x4)
                0x08011e20                        PROVIDE (__init_array_start = .)
 *(SORT_BY_NAME(.init_array.*))
 *(.init_array*)
 .init_array    0x08011e20        0x4 C:/ProgramData/MATLAB/SupportPackages/R2024b/3P.instrset/gnuarm-armcortex.instrset/win/bin/../lib/gcc/arm-none-eabi/13.2.1/thumb/v7e-m+fp/hard/crtbegin.o
                0x08011e24                        PROVIDE (__init_array_end = .)
                0x08011e24                        . = ALIGN (0x4)

.fini_array     0x08011e24        0x4
                0x08011e24                        . = ALIGN (0x4)
                [!provide]                        PROVIDE (__fini_array_start = .)
 *(SORT_BY_NAME(.fini_array.*))
 *(.fini_array*)
 .fini_array    0x08011e24        0x4 C:/ProgramData/MATLAB/SupportPackages/R2024b/3P.instrset/gnuarm-armcortex.instrset/win/bin/../lib/gcc/arm-none-eabi/13.2.1/thumb/v7e-m+fp/hard/crtbegin.o
                [!provide]                        PROVIDE (__fini_array_end = .)
                0x08011e28                        . = ALIGN (0x4)
                0x08011e28                        _sidata = LOADADDR (.data)

.data           0x20000000      0x2a0 load address 0x08011e28
                0x20000000                        . = ALIGN (0x4)
                0x20000000                        _sdata = .
 *(.data)
 *(.data*)
 .data.BothOptimizedNew_P
                0x20000000       0xc0 BothOptimizedNew_data.o
                0x20000000                BothOptimizedNew_P
 .data.FS_Desc  0x200000c0       0x20 usbd_desc.o
                0x200000c0                FS_Desc
 .data.USBD_FS_DeviceDesc
                0x200000e0       0x12 usbd_desc.o
                0x200000e0                USBD_FS_DeviceDesc
 *fill*         0x200000f2        0x2 
 .data.USBD_FS_BOSDesc
                0x200000f4        0xc usbd_desc.o
                0x200000f4                USBD_FS_BOSDesc
 .data.USBD_LangIDDesc
                0x20000100        0x4 usbd_desc.o
                0x20000100                USBD_LangIDDesc
 .data.USBD_StringSerial
                0x20000104       0x1a usbd_desc.o
                0x20000104                USBD_StringSerial
 *fill*         0x2000011e        0x2 
 .data.USBD_Interface_fops_FS
                0x20000120       0x14 usbd_cdc_if.o
                0x20000120                USBD_Interface_fops_FS
 .data.uwTickPrio
                0x20000134        0x4 stm32l4xx_hal.o
                0x20000134                uwTickPrio
 .data.uwTickFreq
                0x20000138        0x1 stm32l4xx_hal.o
                0x20000138                uwTickFreq
 *fill*         0x20000139        0x3 
 .data.USBD_CDC_DeviceQualifierDesc
                0x2000013c        0xa usbd_cdc.o
 *fill*         0x20000146        0x2 
 .data.USBD_CDC
                0x20000148       0x38 usbd_cdc.o
                0x20000148                USBD_CDC
 .data.USBD_CDC_CfgHSDesc
                0x20000180       0x43 usbd_cdc.o
 *fill*         0x200001c3        0x1 
 .data.USBD_CDC_CfgFSDesc
                0x200001c4       0x43 usbd_cdc.o
 *fill*         0x20000207        0x1 
 .data.USBD_CDC_OtherSpeedCfgDesc
                0x20000208       0x43 usbd_cdc.o
 *fill*         0x2000024b        0x1 
 .data.SystemCoreClock
                0x2000024c        0x4 system_stm32l4xx.o
                0x2000024c                SystemCoreClock
 .data._impure_ptr
                0x20000250        0x4 C:/ProgramData/MATLAB/SupportPackages/R2024b/3P.instrset/gnuarm-armcortex.instrset/win/bin/../lib/gcc/arm-none-eabi/13.2.1/thumb/v7e-m+fp/hard\libc_nano.a(libc_a-impure.o)
                0x20000250                _impure_ptr
 .data._impure_data
                0x20000254       0x4c C:/ProgramData/MATLAB/SupportPackages/R2024b/3P.instrset/gnuarm-armcortex.instrset/win/bin/../lib/gcc/arm-none-eabi/13.2.1/thumb/v7e-m+fp/hard\libc_nano.a(libc_a-impure.o)
                0x20000254                _impure_data
 *(.RamFunc)
 *(.RamFunc*)
                0x200002a0                        . = ALIGN (0x4)
                0x200002a0                        _edata = .

.tm_clone_table
                0x200002a0        0x0 load address 0x080120c8
 .tm_clone_table
                0x200002a0        0x0 C:/ProgramData/MATLAB/SupportPackages/R2024b/3P.instrset/gnuarm-armcortex.instrset/win/bin/../lib/gcc/arm-none-eabi/13.2.1/thumb/v7e-m+fp/hard/crtbegin.o
 .tm_clone_table
                0x200002a0        0x0 C:/ProgramData/MATLAB/SupportPackages/R2024b/3P.instrset/gnuarm-armcortex.instrset/win/bin/../lib/gcc/arm-none-eabi/13.2.1/thumb/v7e-m+fp/hard/crtend.o

.igot.plt       0x200002a0        0x0 load address 0x080120c8
 .igot.plt      0x200002a0        0x0 C:/ProgramData/MATLAB/SupportPackages/R2024b/3P.instrset/gnuarm-armcortex.instrset/win/bin/../lib/gcc/arm-none-eabi/13.2.1/thumb/v7e-m+fp/hard/crtbegin.o
                0x200002a0                        . = ALIGN (0x4)

.bss            0x200002a0     0x5868 load address 0x080120c8
                0x200002a0                        _sbss = .
                0x200002a0                        __bss_start__ = _sbss
 *(.bss)
 *(.bss*)
 .bss.completed.1
                0x200002a0        0x1 C:/ProgramData/MATLAB/SupportPackages/R2024b/3P.instrset/gnuarm-armcortex.instrset/win/bin/../lib/gcc/arm-none-eabi/13.2.1/thumb/v7e-m+fp/hard/crtbegin.o
 *fill*         0x200002a1        0x3 
 .bss.object.0  0x200002a4       0x18 C:/ProgramData/MATLAB/SupportPackages/R2024b/3P.instrset/gnuarm-armcortex.instrset/win/bin/../lib/gcc/arm-none-eabi/13.2.1/thumb/v7e-m+fp/hard/crtbegin.o
 .bss.mw_tim3   0x200002bc       0x8c stm_timer_ll.o
                0x200002bc                mw_tim3
 .bss.mw_adc2   0x20000348       0x1c stm_adc_ll.o
                0x20000348                mw_adc2
 .bss.IMU_Accel
                0x20000364        0xc BothOptimizedNew.o
                0x20000364                IMU_Accel
 .bss.IMU_Gyro  0x20000370        0xc BothOptimizedNew.o
                0x20000370                IMU_Gyro
 .bss.currTicksRS
                0x2000037c        0x4 BothOptimizedNew.o
                0x2000037c                currTicksRS
 .bss.currTicksLS
                0x20000380        0x4 BothOptimizedNew.o
                0x20000380                currTicksLS
 .bss.Thresholds
                0x20000384       0x10 BothOptimizedNew.o
                0x20000384                Thresholds
 .bss.ADC1s     0x20000394       0x12 BothOptimizedNew.o
                0x20000394                ADC1s
 *fill*         0x200003a6        0x2 
 .bss.ADC_H     0x200003a8       0x12 BothOptimizedNew.o
                0x200003a8                ADC_H
 *fill*         0x200003ba        0x2 
 .bss.ADC_L     0x200003bc       0x12 BothOptimizedNew.o
                0x200003bc                ADC_L
 *fill*         0x200003ce        0x2 
 .bss.Detections
                0x200003d0        0x8 BothOptimizedNew.o
                0x200003d0                Detections
 .bss.BothOptimizedNew_B
                0x200003d8     0x1470 BothOptimizedNew.o
                0x200003d8                BothOptimizedNew_B
 .bss.BothOptimizedNew_DW
                0x20001848     0x1098 BothOptimizedNew.o
                0x20001848                BothOptimizedNew_DW
 .bss.BothOptimizedNew_M_
                0x200028e0        0x4 BothOptimizedNew.o
 .bss.profilingDataIdx
                0x200028e4        0x4 ert_main.o
                0x200028e4                profilingDataIdx
 .bss._tmwrunningCoreID
                0x200028e8        0x4 ert_main.o
                0x200028e8                _tmwrunningCoreID
 .bss.profilingData
                0x200028ec     0x12c0 ert_main.o
                0x200028ec                profilingData
 .bss.IsrOverrun
                0x20003bac        0x4 ert_main.o
                0x20003bac                IsrOverrun
 .bss.OverrunFlag
                0x20003bb0        0x1 ert_main.o
 .bss.stopRequested
                0x20003bb1        0x1 ert_main.o
                0x20003bb1                stopRequested
 .bss.runModel  0x20003bb2        0x1 ert_main.o
                0x20003bb2                runModel
 .bss.checkIMU  0x20003bb3        0x1 IMU.o
                0x20003bb3                checkIMU
 .bss.diag_ProSW
                0x20003bb4        0x2 CustomWhile.o
                0x20003bb4                diag_ProSW
 *fill*         0x20003bb6        0x2 
 .bss.diag_ProLED
                0x20003bb8        0x3 CustomWhile.o
                0x20003bb8                diag_ProLED
 *fill*         0x20003bbb        0x1 
 .bss.diag_IR_LEDs
                0x20003bbc        0x8 CustomWhile.o
                0x20003bbc                diag_IR_LEDs
 .bss.IR_LED_TIMER
                0x20003bc4        0x4 CustomWhile.o
                0x20003bc4                IR_LED_TIMER
 .bss.diag_MOT_L
                0x20003bc8        0x4 CustomWhile.o
                0x20003bc8                diag_MOT_L
 .bss.diag_MOT_R
                0x20003bcc        0x4 CustomWhile.o
                0x20003bcc                diag_MOT_R
 .bss.schdl_counter
                0x20003bd0        0x4 SysTickScheduler.o
                0x20003bd0                schdl_counter
 .bss.schdl_counter_max
                0x20003bd4        0x4 SysTickScheduler.o
                0x20003bd4                schdl_counter_max
 .bss.taskToSchedule
                0x20003bd8        0x4 m3m4m4f_multitasking.o
                0x20003bd8                taskToSchedule
 .bss.hi2c2     0x20003bdc       0x54 i2c.o
                0x20003bdc                hi2c2
 .bss.htim4     0x20003c30       0x4c tim.o
                0x20003c30                htim4
 .bss.hUsbDeviceFS
                0x20003c7c      0x2d0 usb_device.o
                0x20003c7c                hUsbDeviceFS
 .bss.hpcd_USB_OTG_FS
                0x20003f4c      0x50c usbd_conf.o
                0x20003f4c                hpcd_USB_OTG_FS
 .bss.mem.0     0x20004458      0x220 usbd_conf.o
 .bss.USBD_StrDesc
                0x20004678      0x200 usbd_desc.o
                0x20004678                USBD_StrDesc
 .bss.usb_rx_buffer
                0x20004878      0x100 usbd_cdc_if.o
                0x20004878                usb_rx_buffer
 .bss.usb_rx_index
                0x20004978        0x1 usbd_cdc_if.o
                0x20004978                usb_rx_index
 *fill*         0x20004979        0x3 
 .bss.UserRxBufferFS
                0x2000497c      0x800 usbd_cdc_if.o
                0x2000497c                UserRxBufferFS
 .bss.UserTxBufferFS
                0x2000517c      0x800 usbd_cdc_if.o
                0x2000517c                UserTxBufferFS
 .bss.htim1     0x2000597c       0x4c stm32l4xx_hal_timebase_tim.o
                0x2000597c                htim1
 .bss.uwTick    0x200059c8        0x4 stm32l4xx_hal.o
                0x200059c8                uwTick
 .bss.cfgidx.0  0x200059cc        0x1 usbd_ctlreq.o
 *fill*         0x200059cd        0x3 
 .bss.__sf      0x200059d0      0x138 C:/ProgramData/MATLAB/SupportPackages/R2024b/3P.instrset/gnuarm-armcortex.instrset/win/bin/../lib/gcc/arm-none-eabi/13.2.1/thumb/v7e-m+fp/hard\libc_nano.a(libc_a-findfp.o)
                0x200059d0                __sf
 *(COMMON)
                0x20005b08                        . = ALIGN (0x4)
                0x20005b08                        _ebss = .
                0x20005b08                        __bss_end__ = _ebss

._user_heap_stack
                0x20005b08      0x600 load address 0x080120c8
                0x20005b08                        . = ALIGN (0x8)
                [!provide]                        PROVIDE (end = .)
                0x20005b08                        PROVIDE (_end = .)
                0x20005d08                        . = (. + _Min_Heap_Size)
 *fill*         0x20005b08      0x200 
                0x20006108                        . = (. + _Min_Stack_Size)
 *fill*         0x20005d08      0x400 
                0x20006108                        . = ALIGN (0x8)

/DISCARD/
 libc.a(*)
 libm.a(*)
 libgcc.a(*)

.ARM.attributes
                0x00000000       0x30
 *(.ARM.attributes)
 .ARM.attributes
                0x00000000       0x22 C:/ProgramData/MATLAB/SupportPackages/R2024b/3P.instrset/gnuarm-armcortex.instrset/win/bin/../lib/gcc/arm-none-eabi/13.2.1/thumb/v7e-m+fp/hard/crti.o
 .ARM.attributes
                0x00000022       0x34 C:/ProgramData/MATLAB/SupportPackages/R2024b/3P.instrset/gnuarm-armcortex.instrset/win/bin/../lib/gcc/arm-none-eabi/13.2.1/thumb/v7e-m+fp/hard/crtbegin.o
 .ARM.attributes
                0x00000056       0x34 stm_timer_ll.o
 .ARM.attributes
                0x0000008a       0x34 stm_adc_ll.o
 .ARM.attributes
                0x000000be       0x34 BothOptimizedNew.o
 .ARM.attributes
                0x000000f2       0x34 BothOptimizedNew_data.o
 .ARM.attributes
                0x00000126       0x34 ert_main.o
 .ARM.attributes
                0x0000015a       0x34 IMU.o
 .ARM.attributes
                0x0000018e       0x34 CustomWhile.o
 .ARM.attributes
                0x000001c2       0x34 overrideHALDelay.o
 .ARM.attributes
                0x000001f6       0x34 platform_timer.o
 .ARM.attributes
                0x0000022a       0x34 SysTickScheduler.o
 .ARM.attributes
                0x0000025e       0x34 m3m4m4f_multitasking.o
 .ARM.attributes
                0x00000292       0x34 main.o
 .ARM.attributes
                0x000002c6       0x34 gpio.o
 .ARM.attributes
                0x000002fa       0x34 adc.o
 .ARM.attributes
                0x0000032e       0x34 dma.o
 .ARM.attributes
                0x00000362       0x34 i2c.o
 .ARM.attributes
                0x00000396       0x34 tim.o
 .ARM.attributes
                0x000003ca       0x34 usart.o
 .ARM.attributes
                0x000003fe       0x34 usb_device.o
 .ARM.attributes
                0x00000432       0x34 usbd_conf.o
 .ARM.attributes
                0x00000466       0x34 usbd_desc.o
 .ARM.attributes
                0x0000049a       0x34 usbd_cdc_if.o
 .ARM.attributes
                0x000004ce       0x34 stm32l4xx_it.o
 .ARM.attributes
                0x00000502       0x34 stm32l4xx_hal_msp.o
 .ARM.attributes
                0x00000536       0x34 stm32l4xx_hal_timebase_tim.o
 .ARM.attributes
                0x0000056a       0x34 stm32l4xx_ll_utils.o
 .ARM.attributes
                0x0000059e       0x34 stm32l4xx_ll_gpio.o
 .ARM.attributes
                0x000005d2       0x34 stm32l4xx_hal_pcd.o
 .ARM.attributes
                0x00000606       0x34 stm32l4xx_hal_pcd_ex.o
 .ARM.attributes
                0x0000063a       0x34 stm32l4xx_ll_usb.o
 .ARM.attributes
                0x0000066e       0x34 stm32l4xx_hal.o
 .ARM.attributes
                0x000006a2       0x34 stm32l4xx_hal_rcc.o
 .ARM.attributes
                0x000006d6       0x34 stm32l4xx_hal_gpio.o
 .ARM.attributes
                0x0000070a       0x34 stm32l4xx_hal_i2c.o
 .ARM.attributes
                0x0000073e       0x34 stm32l4xx_hal_i2c_ex.o
 .ARM.attributes
                0x00000772       0x34 stm32l4xx_hal_pwr_ex.o
 .ARM.attributes
                0x000007a6       0x34 stm32l4xx_hal_cortex.o
 .ARM.attributes
                0x000007da       0x34 stm32l4xx_ll_adc.o
 .ARM.attributes
                0x0000080e       0x34 stm32l4xx_hal_tim.o
 .ARM.attributes
                0x00000842       0x34 stm32l4xx_hal_tim_ex.o
 .ARM.attributes
                0x00000876       0x34 stm32l4xx_ll_tim.o
 .ARM.attributes
                0x000008aa       0x34 stm32l4xx_ll_usart.o